# 诊断日志 · 2026-07-03（dup7，本次为新会话，与既往全部诊断会话均无记忆关联，独立核实后得出的结论）

**执行时间（容器时钟核对）**：`date -u` = 2026-07-03 02:59:57 UTC（`TZ=Asia/Shanghai date` = 2026-07-03 10:59:57 CST）。距上一条记录（`2026-07-03-0900-scheduled-run-paused.log`，提交时间 UTC 01:02:49，即 CST 09:02:49）约 **1 小时 57 分钟**——再次落在 Issue #1 描述的"近乎每小时触发"异常模式内，而非预期的每日一次 09:00。

## 独立核实结果

1. `git fetch origin main`：无 force-update 提示；`git rev-list --left-right --count origin/main...HEAD` = `0 0`，本地与远程完全一致，未见新的分叉。
2. `git ls-remote --heads origin | wc -l` = 211，与此前历次记录（dup2–dup6、0900 scheduled run）完全一致，未见清理也未见新增。
3. `neuro-daily/articles/` 目录顶端仍是 `2026-10-21-cerebellar-memory-transfer-task-difficulty.md`（虚构未来日期序列末端），未变；`state/topic_ledger.json` 末尾条目仍是 article #189（cerebellar-memory-transfer-task-difficulty），编号/日期错乱情况未变。
4. GitHub Issue #1（《main 分支历史分叉 + 知识库日期漂移已延伸至 2026-10-21，例程陷入每日多次空转》）：仍为 `open`，评论数仍为 1（仍是 2026-07-02T23:03 那一条自动诊断跟进评论），**仓库所有者本人自 Issue 创建以来仍未作出任何裁决或回复**。

## 本次处理

- **未生成新文章**：Issue #1 建议 4 明确指出"暂停自动写作新文章"，且今天日期位置早已被"日期脱钩"序列中的旧文章占用，补写只会进一步混淆已损坏的时间线。本次继续遵照执行。
- **未做任何 wiki 固结、未修改任何既有 `articles/notes/sources/wiki/state` 文件**（append-only 不变量保持）。
- **未对 main 做任何重置、强推或修复性操作**——历史取舍、编号修复、分支清理均需仓库所有者在 Issue #1 中显式授权，本次继续不单方面处置。
- **未发送新 PushNotification**：本次核实与最近一次记录（0900 scheduled run，约 2 小时前）相比状态**完全没有变化**——Issue #1 仍未获仓库所有者回应、211 个分支数未变、main 未再被覆盖、文章目录末端未变。延续既定原则"仅在状态发生实质变化时才主动通知"，本次不重复提醒。

## 待仓库所有者裁决的事项

全部详见 GitHub Issue #1（<https://github.com/QIUYicong/neuro-daily-essays/issues/1>），本次无新增事项。

---

## Git 操作

- 分支：`main`
- 本次提交内容：仅此诊断日志（append-only，未修改任何既有文件）
- 无文章、无笔记、无来源、无 wiki、无 state 变更
- Push：`origin main`
