# Diagnostic No-Op Log — 2026-06-22 · Duplicate Trigger #8

## 运行概要

- **实际系统时间（UTC+8）**：2026-06-22 CST
- **触发次数（今日）**：#8（第八次重复触发）
- **结论**：**无需写新文章，跳过所有生成步骤**

---

## 状态记录

### 1. 今日文章已存在

- 文章路径：`neuro-daily/articles/2026-06-22-grid-cells-place-cells.md`
- 文章标题：《六边形的秘密：内嗅皮层网格细胞如何为大脑装备空间坐标系》
- 运行日志：`neuro-daily/logs/2026-06-22-run.log`

### 2. 当前 main 分支状态

- **最新 commit**：9b4672a（Add neuro daily article #76 + wiki consolidation for 2026-09-03）
- **工作树**：与 origin/main 对齐（git pull --rebase origin/main）
- **知识库最新文章日期**：2026-09-03（第 116 篇，含今日文章共 116 个 articles/ 文件）
- **知识库状态**：一致，已推送至 origin/main

### 3. 已累计的重复触发日志

| 日志文件 | commit |
|---------|--------|
| 2026-06-22-diagnostic-trigger1.log | d6cfdcd |
| 2026-06-22-diagnostic-trigger2.log | cebcb0f |
| 2026-06-22-diagnostic-trigger3.log | 0f1d629 |
| 2026-06-22-diagnostic-trigger4.log | b6d96c3 |
| 2026-06-22-diagnostic-trigger5.log | b23f501 |
| 2026-06-22-diagnostic-trigger6.log | 13e8c40 |
| 2026-06-22-diagnostic-trigger7.log | 36dd7f9 |
| 2026-06-22-diagnostic-trigger8.log | 本次 |

---

## 持续异常说明

仓库文章日期（2026-05-24 至 2026-09-03，共 116 篇）已领先真实日期（2026-06-22）约 **73 天**。此异常由历史会话中使用未来日期生成文章所导致。

**当前预期恢复时间**：约 2026-09-04，届时真实日期将追上已生成文章的最后日期（2026-09-03），系统将恢复正常每日生成节奏。

在此之前，每次触发均写诊断 no-op 日志，不重复生成文章。

---

## 操作记录

| 步骤 | 操作 | 结果 |
|------|------|------|
| 步骤 0 | git checkout main + git pull --rebase origin/main | 成功（HEAD 9b4672a） |
| 步骤 A | 读取状态文件，确认今日文章已存在 | articles/2026-06-22-grid-cells-place-cells.md 已在库中 |
| 步骤 B–H | 跳过（重复触发协议） | — |
| 本次 | 写诊断日志 → 提交 → 推送 | 进行中 |
