# 运行日志 · 2026-07-03

## 基本信息

- **系统时钟（UTC+8）**：2026-06-03（真实执行日期）
- **知识库日期**：2026-07-03（知识库连续性延续，使用此日期维持线性增长）
- **文章编号**：第 69 篇（累计）
- **主题**：突触稳态缩放（Synaptic Scaling / Homeostatic Plasticity）
- **分支**：main
- **执行状态**：完成

---

## 步骤 0：同步状态

- 继承自第 68 篇（2026-07-02 星形胶质细胞），会话跨断点续行
- 分支确认为 `main`
- 验证 ROUTINE.md 和 KNOWLEDGE-BASE-DESIGN.md 均存在 ✓
- 验证 neuro-daily/wiki/ 目录存在 ✓

---

## 步骤 A：状态读取

- 读取 `state/topic_ledger.json`：last_updated=2026-07-02，total_articles=68
  - 最新条目：2026-07-02（星形胶质细胞与三方突触，#68）
- 读取 `state/unresolved_questions.md`：
  - 新增：Q-astro-01/02/03（07-02）；Q-scale 系列待添加
- 读取 `state/source_registry.json`：total_sources=278，最近 additions_2026-07-02
- 读取 `wiki/_graph.json`：125节点，709边（07-02 状态）
- 读取 `wiki/index.md`：topic pages=125（需更新至127）
- 读取 `wiki/CHANGELOG.md`：最新 2026-07-02 条目

---

## 步骤 B：主题选择

**选定主题**：突触稳态缩放（Synaptic Scaling）

**选择理由**：
1. **盲区填补**：07-02 文章中多处提及 TNFα-mediated synaptic scaling（Stellwagen & Malenka 2006）但无独立 wiki 页面
2. **叙事延续**：完成突触可塑性五篇系列（LTP→LTD→BDNF→三方突触→稳态缩放），形成 Hebbian 学习从赫布规则到稳态解法的完整闭环
3. **高优先级问题**：Q-hebbian-stability 已登记但未有专文回答
4. **知识地图张力**：知识库 127 节点中 synaptic-scaling 和 homeostatic-plasticity 是两个最大的悬空引用

**层级检查**：
- 最近三天：07-02（synaptic/molecular/cellular），07-01（brain-region/network），06-30（cellular/molecular）
- 本篇：synaptic/molecular/cellular/cognition ← 延续分子细胞层，符合规则（未连续三天同层）

---

## 步骤 C：文献研究与写作

### 文献来源

| 编号 | PMID | 标题简称 | 状态 |
|------|------|---------|------|
| S01 | 9495341 | Turrigiano 1998 Nature | 摘要 (paywall) |
| S02 | 22086977 | Turrigiano 2012 CSHPB | **全文（PMC3249629）** |
| S03 | 16547515 | Stellwagen & Malenka 2006 | 摘要 (paywall) |
| S04 | 19458219 | Gainey 2009 J Neurosci | 开放（PMC2714274）|
| S05 | 33798429 | Wu 2021 Nat Neurosci | **全文（PMC8187282）** |
| S06 | 19539107 | Turrigiano 2008 Cell | 摘要 |
| S07 | 40592327 | Chipman 2025 Science | 摘要 (很新) |
| S08 | 21525940 | Aoto 2011 J Neurosci | 摘要 |
| S09 | 22085984 | Bhatt 2011 Neuron | 摘要 |
| S10 | 28973557 | Turrigiano 2017 Curr Opin | 摘要 |

**开放全文阅读**：PMC3249629（Turrigiano 2012综述，全面覆盖分子机制）、PMC8187282（Wu 2021记忆特异性实验，全程阅读方法和结果）

### 文章写作

- **标题**：突触稳态：当赫布规则失控时，大脑如何给自己"归零"
- **字数**：约 4800 字
- **核心叙事弧**：赫布悖论（不稳定性）→ Turrigiano 1998 发现 → 分子机制三层（传感/执行/维持）→ GluA2 vs GluA1 双路径（Gainey 2009）→ 三方突触双时间尺度分工 → SHY 假说（睡眠） → 记忆特异性精雕（Wu 2021） → PHP/Sema3a（Chipman 2025）→ 疾病（癫痫/抑郁/精神分裂）→ AI启示
- **关键机制**：Ca²⁺/CaMKIV 活动传感器 → BDNF 信号 → GluA2（非 GluA1）AMPA 受体全局重标定 + 视黄酸局部树突翻译 + TNFα 许可因子

---

## 步骤 D：Wiki 固结

### 新建页面

1. `wiki/concepts/synaptic-scaling.md`
   - status: established, confidence: high
   - related: ltp, ltd, hebbian-learning, ampa-receptor, nmda-receptor, homeostatic-plasticity, tripartite-synapse, astrocyte, bdnf, sharp-wave-ripples, adult-neurogenesis
   - opens_questions: Q-scale-01, Q-scale-02, Q-scale-03, Q-scale-04

2. `wiki/concepts/homeostatic-plasticity.md`
   - status: established, confidence: high
   - related: synaptic-scaling, ltp, ltd, hebbian-learning, ampa-receptor, intrinsic-excitability, sharp-wave-ripples, adult-neurogenesis, tripartite-synapse
   - Covers 3 types: synaptic scaling, intrinsic homeostasis, presynaptic PHP

### 修订页面

3. `wiki/concepts/ltp.md` (rev10 → rev11)：新增 synaptic-scaling 连接，说明稳态补偿关系
4. `wiki/concepts/hebbian-learning.md` (rev3 → rev4)：Q-hebbian-stability 更新为 synaptic-scaling 是已知解
5. `wiki/concepts/ampa-receptor.md` (rev2 → rev3)：新增 GluA2 通路独立性（Gainey 2009）
6. `wiki/systems/astrocyte.md` (rev1 → rev2)：新增 TNFα 双时间尺度分工（D-丝氨酸 LTP 门控 + TNFα 稳态许可）

---

## 步骤 E：图谱/CHANGELOG/Index 更新

- `_graph.json`：125节点→127节点，709边→721边（+2节点，+12边）
  - 新节点：synaptic-scaling, homeostatic-plasticity
  - 新边：12条（synaptic-scaling↔ltp/ltd/hebbian-learning/ampa-receptor/astrocyte 等）
- `CHANGELOG.md`：新增 2026-07-03 条目
- `index.md`：标题更新至 "第69篇·突触稳态"，主题页总数 127

---

## 步骤 F：治理层更新

- `state/topic_ledger.json`：total_articles=69，新增 #69 条目
- `state/unresolved_questions.md`：新增 Q-scale-01 至 Q-scale-04
- `state/source_registry.json`：total_sources=288（+10），additions_2026-07-03
- `state/monthly_synthesis.md`：新增 07-03 日条目，更新月度摘要表格

---

## 步骤 G：Git 提交

- `git add neuro-daily/`
- 设置 GIT_AUTHOR/COMMITTER 环境变量
- `git pull --rebase origin main`（会话跨断点，确保最新）
- 提交：`Add neuro daily article + wiki consolidation for 2026-07-03`
- `git push origin main`

---

## 步骤 H：自检清单

- [x] 所有 PMID 来自真实文献（无编造）
- [x] 全文访问仅通过 PMC 开放渠道（PMC3249629, PMC8187282）
- [x] 无医疗诊断/治疗建议（仅机制描述）
- [x] 新 wiki 页面 frontmatter 完整
- [x] 修订页面 revision_count +1，updated 更新
- [x] _graph.json 新节点/边与 wiki 页面一致
- [x] CHANGELOG 条目完整
- [x] index.md 主题页计数与 _graph.json 一致（127）
- [x] 无 lianyichuan/cqiuyicong 仓库引用
- [x] 推送至 main 分支（非其他分支）

---

## 质量评估

**优点**：
- 文章叙事弧完整（问题→发现→机制→应用→开放问题），可读性强
- GluA2 vs GluA1 双路径（Gainey 2009）是本期最重要的知识点，表达清晰
- Wu 2021 行为实验（记忆特异性精雕）是反直觉的亮点，增强了文章深度
- Chipman 2025 PHP/Sema3a 是最新的突破性结果，增加时效性

**局限**：
- Turrigiano 1998 原始发现论文（PMID:9495341）无法获取全文；描述依赖 Turrigiano 2012 综述的总结
- Stellwagen & Malenka 2006（PMID:16547515）无全文；TNFα 实验细节描述基于摘要和综述转述
- Chipman 2025 极新，机制描述较简略，仅有摘要信息

**总体评级**：B+（叙事完整，机制准确，核心证据有两篇全文支撑）
