# 运行日志：2026-06-28（第九次调用 · 重复检测）

**运行时间**：2026-06-28 UTC+8（计划触发）
**运行状态**：跳过（当日文章已存在，前四次调用已完整执行 5 篇文章）

---

## 检测结果

### 步骤 0：同步
- `git checkout main && git pull --rebase origin main` ✓
- remote 指向 `QIUYicong/neuro-daily-essays` ✓
- 最新 commit（同步后）：5059ef7（"Log duplicate run detection for 2026-06-28 (8th invocation, 5 articles already exist)"）

### 步骤 A：读取状态
- 读取 ROUTINE.md ✓
- 读取 KNOWLEDGE-BASE-DESIGN.md ✓
- 读取 `neuro-daily/logs/2026-06-28-run-dup8.log` ✓
  - 第8次调用已确认：当日 5 篇文章存在，已正确跳过
- `articles/` 目录中 2026-06-28 文件数：5 篇（与第8次一致）
- `state/topic_ledger.json` 中 total_articles：184（与第8次一致）

### 步骤 B：选题判断
- **当天文章已存在**：`articles/` 目录中已有 5 篇 2026-06-28 文章
- ROUTINE.md 规定："不要反复生成同一天文章，除非 ROUTINE.md 明确要求补写或修复当天任务"
- **本次（第9次）调用不再创建新文章，避免重复**

---

## 今日 2026-06-28 运行记录汇总（截至本次调用）

| 调用次序 | 日志文件                          | 对应文章                              |
|---------|----------------------------------|--------------------------------------|
| 第1次   | 2026-06-28-run-attention.log     | #178 注意力神经机制（三级联动门控）         |
| 第2次   | 2026-06-28-run-ltp60.log        | #181 KIBRA-PKMζ 寡聚体 LTP 记忆持久化   |
| 第3次   | 2026-06-28-run-ms.log           | #183 多发性硬化·髓鞘与时序计算           |
| 第4次   | 2026-06-28-run.log              | #184 TARP 辅助亚基·AMPA 受体突触定位    |
| 第5次   | 2026-06-28-run-dup5.log         | 跳过（重复检测，无新文章）               |
| 第6次   | 2026-06-28-run-dup6.log         | 跳过（重复检测，无新文章）               |
| 第7次   | 2026-06-28-run-dup7.log         | 跳过（重复检测，无新文章）               |
| 第8次   | 2026-06-28-run-dup8.log         | 跳过（重复检测，无新文章）               |
| **第9次** | **本文件（dup9）**              | **跳过（重复检测，无新文章）**           |

---

## 知识库当前状态（截至本次调用）

- 文章总数：184 篇
- 今日文章：5 篇（2026-06-28）
- Wiki 页面：约 334 页
- 知识图谱：334 节点 / 2017 边
- 开放矛盾登记：8 条（open）
- 最新文章：#184 · TARP 辅助亚基与 AMPA 受体突触定位（2026-06-28）

---

## 诊断说明

今日已出现 9 次调用，推测原因：
1. **调度器重复触发**：计划任务在同一天多次激活
2. **建议**：检查 cron/触发器设置，确保每日只触发一次
3. 如需在同一天补写文章，请在 ROUTINE.md 中明确标注补写指令

---

## Git 操作

- 本次仅提交此运行日志（append-only，情景层不变量）
- 不新增文章、不修改 wiki、不修改状态文件
- branch: main
- remote: QIUYicong/neuro-daily-essays
