# 重复检测日志 · 2026-07-01（dup5，本日第 5 次已确认的重复触发）

**执行时间（UTC+8，容器时钟核对）**：2026-07-01 15:01 CST
**系统时钟 `date` 与 system-reminder `currentDate` 一致**：2026-07-01

---

## 检测结果（独立复核）

- `articles/2026-07-01-dorsal-attention-network-FEF-IPS.md` ✅ 已存在（第67篇，主题：背侧注意网络 FEF-IPS）
- `logs/2026-07-01-run.log`、`dup1.log`、`dup2.log`、`dup3.log`、`dup4.log` ✅ 均已存在
- 按 ROUTINE.md："不要反复生成同一天文章，除非 ROUTINE.md 明确要求补写或修复当天任务" → 本次运行**再次跳过文章生成**，为诊断性 no-op。

## 独立复核（本次重新统计）

1. `articles/` 实际文件数 = 174，文件名日期跨度 2026-05-24 至 2026-10-20（较真实日期 2026-07-01 超前约 111 天）。与 dup1–4 一致，问题持续未解决。
2. `state/topic_ledger.json`：`total_articles`=179，`entries` 长度=179，与实际文件数 174 不符；重复编号：{178:2, 177:2, 143:2, 107:2, 106:2, 105:3, 104:3, 66:2, 65:2, 179:2}；`article_number` 为 `null` 的条目 = 11。与 dup4 完全一致，未见任何修复迹象。
3. 调度触发频率：本次距上次（dup4，14:01 CST）间隔约 60 分钟，是真实日期 2026-07-01 当天第 5 次触发（run.log + dup1~4 之后）。累计 `logs/` 中 dup* 诊断日志已达 51 个（跨 2026-06-19 至今）。本会话检查了 `CronList`：当前会话无由 CronCreate 创建的任务，说明触发来自会话外部（平台级 trigger/schedule），本会话工具无法直接查看或修改其配置。

## 本次处理

- 未生成新文章、未修改任何已有 `articles/notes/sources/wiki/state` 文件（append-only 不变量保持）。
- 未采用"虚拟日期"逻辑，未擅自修复 `topic_ledger.json` 编号损坏——该修复需仓库所有者显式授权。
- 仅新增本诊断日志。鉴于同一问题已连续 5 次触发均未获处理，且已持续超过一个月（自 2026-06-19 起），本次通过通知渠道向仓库所有者升级提醒一次，说明问题仍未解决、且触发频率异常仍在继续消耗资源。

## 待仓库所有者裁决的事项（与 dup1–4 一致，仍未处理）

1. 调度触发器配置：应为每日 09:00（北京时间）一次，但真实日期 2026-07-01 当天已触发至少 5 次，间隔约 1 小时。建议检查该触发器/schedule 的配置（例如是否被设置为按小时重复，而非按天）。
2. 如何处置 2026-07-02 至 2026-10-20 期间已被虚构日期占用的约 107 篇文章、wiki 页与状态记录（是否保留作为"提前生成的未来文章"、重命名为真实生成日期、或其他处理方式）。
3. 修复 `topic_ledger.json` 的编号碰撞（10 组重复 article_number）与 11 条 null 编号（需人工核对哪些 entries 是重复写入，避免误删有效内容）。

在上述裁决完成前，只要真实日期落在 2026-07-02 至 2026-10-20 区间内，每日调度大概率会持续产生"文章已存在"的 no-op；且当前"每小时触发"的异常若不解决，此问题会反复出现。

---

## Git 操作

- 分支：`main`
- 本次提交内容：仅此诊断日志
- 无文章、无笔记、无来源、无 wiki、无 state 变更
- Push：`origin main`
