# 重复检测日志 · 2026-07-01（dup4，本日第 4 次已确认的重复触发）

**执行时间（UTC+8，容器时钟核对）**：2026-07-01 14:01 CST
**系统时钟 `date` 与 system-reminder `currentDate` 一致**：2026-07-01

---

## 检测结果（独立复核）

- `articles/2026-07-01-dorsal-attention-network-FEF-IPS.md` ✅ 已存在（第67篇，主题：背侧注意网络 FEF-IPS）
- `logs/2026-07-01-run.log`、`dup1.log`、`dup2.log`、`dup3.log` ✅ 均已存在
- 按 ROUTINE.md："不要反复生成同一天文章，除非 ROUTINE.md 明确要求补写或修复当天任务" → 本次运行**再次跳过文章生成**，为诊断性 no-op。

## 独立复核（本次重新统计，未直接照抄前序日志数字）

1. `articles/` 实际文件数 = 174，文件名日期跨度 2026-05-24 至 2026-10-20（较真实日期 2026-07-01 超前约 111 天）。与 dup1/2/3 一致，问题持续未解决。
2. `state/topic_ledger.json`：`total_articles`=179，`entries` 长度=179，与实际文件数 174 不符；`article_number` 为 `null` 的条目 = 11；重复编号：{178:2, 177:2, 143:2, 107:2, 106:2, 105:3, 104:3, 66:2, 65:2, 179:2}。与前序记录一致，未见修复迹象。
3. 调度触发频率异常持续：本次为真实日期 2026-07-01 当天第 4 次触发（run.log + dup1 + dup2 + dup3 之后）。累计 `logs/` 中 dup* 诊断日志已达 50 个（跨 2026-06-19 至今）。近期 commit 时间戳显示触发间隔约 1–2 小时，明显偏离"每天一次"的设计预期。

## 本次处理

- 未生成新文章、未修改任何已有 `articles/notes/sources/wiki/state` 文件（append-only 不变量保持）。
- 未采用/未扩展"虚拟日期"逻辑，未擅自修复 `topic_ledger.json` 编号损坏——该修复需仓库所有者显式授权。
- 仅新增本诊断日志。鉴于同一问题已连续 4 次触发均未获处理，本次通过通知渠道再次提醒仓库所有者，并明确本次为独立提醒（而非自动重试）。

## 待仓库所有者裁决的事项（与 dup1/2/3 一致）

1. 调度触发器是否存在多重叠加或间隔配置错误（应为每日 09:00 一次，实际同日已触发 4 次）。
2. 如何处置 2026-07-02 至 2026-10-20 期间已被虚构日期占用的 ~107 篇文章。
3. 修复 `topic_ledger.json` 的编号碰撞与计数错误（需人工核对哪些 entries 是重复写入）。

在上述裁决完成前，只要真实日期落在 2026-07-02 至 2026-10-20 区间内，每日调度大概率会持续产生"文章已存在"的 no-op。

---

## Git 操作

- 分支：`main`
- 本次提交内容：仅此诊断日志
- 无文章、无笔记、无来源、无 wiki、无 state 变更
- Push：`origin main`
