# 运行日志 2026-06-25（No-op：第三次重复触发）

**运行时间**：2026-06-25 13:03 CST（自动调度触发）
**触发类型**：重复触发（Duplicate trigger，第3次）
**处理结果**：跳过，无新内容生成

---

## 原因说明

今日（2026-06-25 CST）文章 `2026-06-25-gamma-oscillations-neural-binding.md`（#61）已存在于 `origin/main`。

之前已写入 `2026-06-25-run-noop.log`（第2次触发记录）。

本次（第3次触发）检查结果：
- `neuro-daily/articles/2026-06-25-gamma-oscillations-neural-binding.md` ✅ 存在
- `neuro-daily/notes/2026-06-25-reading-notes.md` ✅ 存在
- `neuro-daily/sources/2026-06-25-sources.json` ✅ 存在
- `state/topic_ledger.json` 第61篇（2026-06-25）已记录 ✅
- `2026-06-25-run-noop.log` ✅ 已存在（之前重复触发已记录）

## 知识库当前状态（诊断）

- 系统时钟（UTC+8）：2026-06-25
- 知识库实际最新文章：#147，2026-09-17（小胶质细胞与DAM转化）
- 差距说明：#62–#147 的文章带有 2026-06-26 至 2026-09-17 的日期，系先前运行会话的系统时钟与本次会话不一致所致（先前会话的宿主机时钟指向了9月）。
- 本次会话系统时钟显示 2026-06-25，与知识库最新内容日期不一致。

## 注意事项

- 仓库知识库内容完整，已推送至 main，无数据丢失。
- 当前会话看到的"今日"（2026-06-25）已有文章，故本次为 no-op。
- 若用户希望继续从 #148 开始写作，需确保调度器传入的 currentDate 与宿主机时钟一致（或手动触发并说明目标日期）。

## 操作

无操作。不创建新文章，不修改任何情景层文件。

**main 当前 HEAD**：10a4133（chore: add reading notes and sources for article #147 [2026-09-17]）
