# 诊断日志 · 2026-07-03 09:00（真实预期的每日定时触发，非 dup 系列的异常小时级触发）

**执行时间（UTC+8，容器时钟核对）**：`TZ=Asia/Shanghai date` = 2026-07-03 09:02:21。这是本仓库今天第一次在**预期的 09:00 Asia/Shanghai** 时刻触发的会话（此前 dup1–dup6 均发生在真实 UTC+8 00:03–06:01 之间，属于异常的近乎每小时触发）。是否代表调度频率异常已恢复正常，目前仅有这一个数据点，无法下结论，仍需观察后续是否再度出现同日多次触发。

**本次为新会话，与既往全部诊断会话均无记忆关联，独立核实后得出的结论**

---

## 独立核实结果

1. `git fetch origin main` + `git checkout -B main origin/main`：无分叉、无 force-update 提示，HEAD 与上次（dup6, `be0f267`）一致。
2. `git ls-remote --heads origin` = 211 个远程分支，与 dup2–dup6 记录的 211 完全一致，未见清理，也未见新增。
3. GitHub Issue #1（《main 分支历史分叉 + 知识库日期漂移已延伸至 2026-10-21，例程陷入每日多次空转》）核实：仍为 `open`，`comments=1`（仅有 2026-07-02T23:03 的一条自动诊断跟进评论），自创建（2026-07-02T19:04 UTC+8 03:04）至今约 6 小时、自上一条评论至今约 2 小时，**仓库所有者本人尚无任何回复或裁决**。
4. `neuro-daily/articles/` 目录顶端仍是 `2026-10-21-cerebellar-memory-transfer-task-difficulty.md`（虚构未来日期序列末端），未变。今天真实日期 2026-07-03 对应位置早已被"日期脱钩"序列中的旧文章占用（`2026-07-03-synaptic-scaling-homeostatic-plasticity.md`），非本次新写。

## 本次处理

- **未生成新文章**：Issue #1 建议 4 明确指出"暂停自动写作新文章"，且今天日期位置已有既存内容，补写只会进一步混淆已损坏的时间线。本次遵照执行。
- **未做任何 wiki 固结、未修改任何既有 `articles/notes/sources/wiki/state` 文件**（append-only 不变量保持）。
- **未对 main 做任何重置、强推或修复性操作**——历史取舍、编号修复、分支清理均需仓库所有者在 Issue #1 中显式授权，本次继续不单方面处置。
- **未发送新 PushNotification**：距上一次实际发送通知（dup2，真实 UTC+8 2026-07-03 约 01:02）约 8 小时，期间反复独立核实（dup3–dup6 及本次）均确认无实质变化——Issue #1 仍未获仓库所有者回应、211 个分支数未变、main HEAD 未再被覆盖。延续 dup2 起建立的"仅在状态发生实质变化时才主动通知"原则，本次不重复提醒。
- 与此前 dup1–dup6 不同，本次刻意**不再逐条复制"待裁决事项清单"**（内容与 Issue #1 完全重复），只做一次精简的状态核对，避免继续为已经noisy的 main 历史增加雷同内容。

## 待仓库所有者裁决的事项

全部详见 GitHub Issue #1（<https://github.com/QIUYicong/neuro-daily-essays/issues/1>），本次无新增事项。

---

## Git 操作

- 分支：`main`
- 本次提交内容：仅此诊断日志（append-only，未修改任何既有文件）
- 无文章、无笔记、无来源、无 wiki、无 state 变更
- Push：`origin main`
