# Diagnostic No-Op Log — 2026-06-21 · Duplicate Trigger #3

## 运行概要

- **实际系统时间（UTC+8）**：2026-06-21 22:02 CST
- **实际 UTC**：2026-06-21 14:02 UTC
- **触发次数（今日）**：#3（此次为第三次重复触发）
- **结论**：**无需写新文章，跳过所有生成步骤**

---

## 状态确认

| 项目 | 状态 |
|------|------|
| 今日文章（2026-06-21） | ✅ 已存在且完整（运动皮层 #57） |
| 今日 wiki 固结 | ✅ 已在原始运行中完成 |
| 上次触发（#2） | `eb20029`，2026-06-21 13:01 UTC |
| 需要写新文章 | ❌ 否 |

---

## 持续性异常

这是今日第 **3** 次触发，仍在重复。已知异常（见 trigger #2 诊断报告）：

1. **调度过于频繁**：同一天触发了 8+ 次（本次为第3次），预期每天仅触发一次（北京时间 09:00）。
2. **未来日期文章**：仓库中存在 2026-06-22 至 2026-08-19 共 59 篇"未来日期"文章，这些文章在今天（2026-06-21）已全部完整存在，内容真实，只是日期标记超前。
3. **用户尚未响应**：前两次诊断报告已发推送通知，但调度问题仍在持续。

---

## 本次操作

- 不生成文章（今日文章已存在）
- 不修改任何已有文件
- 写入本诊断日志
- 推送到分支
