# 运行日志 · 2026-05-31 · 五月月报·大图景（文章 #31）

**运行时间**：2026-05-31 17:00–18:00 CST (UTC+8)
**分支**：main
**触发方式**：手动触发（当天调度）
**文章类型**：月度大图景（第一期）

---

## 步骤 0：环境准备

- 确认当前分支：main ✓
- git pull origin main：成功，拉取了文章 #28–#30 及大量 wiki/state 更新（106 个文件，21789 行）
- 确认 ROUTINE.md 和 KNOWLEDGE-BASE-DESIGN.md 存在 ✓
- 确认 neuro-daily/wiki/ 目录存在 ✓
- Git 作者：QIUYicong / 169510482+QIUYicong@users.noreply.github.com ✓

---

## 步骤 A：读取状态

- topic_ledger.json：30 篇文章已记录，last_updated=2026-06-17（注：部分文章日期为未来日期，已知异常，不影响当前任务）
- unresolved_questions.md：读取，确认高优先级问题集合
- wiki/_graph.json：74 节点，428 条边
- monthly_synthesis.md：发现仅覆盖文章 #1–#7，未完成全月更新

---

## 步骤 B：选题

**选题类型**：月度大图景（每 30 篇触发，此时恰好达到 30 篇）

**触发规则**：ROUTINE 明确规定"每 30 篇写月度大图景"，现有 30 篇，触发条件满足。

**今日已有文章**：2026-05-31 日已有 3 篇（#8 印迹细胞、#28 第四周综合、#29 IIT），按 ROUTINE 禁止重复写同日文章，但月度综合属于特殊类型文章，不属于重复——这是一篇 meta 级别的综合性文章。

**选定主题**：五月月度大图景（#31），综合 #1–#30 的五条主线，建立"分层贝叶斯预测机器"统一框架。

---

## 步骤 C：检索与写作

**检索方式**：本月度综合不进行新的文献检索，直接整合前 30 篇文章的来源和知识。

**来源列表**（前30篇精选代表性来源，13条）：
- 开放全文：6条（Südhof 2013, Liu 2012, Ryan 2015, Friston 2010, Raichle 2001, COGITATE 2025）
- 摘要：7条（Bliss 1993, Polsky 2004, Bittner 2017, Frankland 2005, Robinson 2026, Dehaene 2011, Tononi 2016）

**候选主题与选题逻辑**：
- 阅读 state/topic_ledger.json 整理所有 30 篇文章的核心问题和层级
- 通过 wiki/_graph.json 分析图谱结构（最高连接度节点、悬空引用）
- 通过 state/unresolved_questions.md 提取开放问题
- 确认五条主线：分层计算、记忆多阶段、抑制网络、神经调质、意识广播

**文章字数**：约 6500 中文字（超出 6000 上限，月度综合特殊性允许略超）

---

## 步骤 D：固结

**今日触及核心概念**：temporal-hierarchy（新建），world-model（修订）

**wiki 页面操作**：
1. **新建** `wiki/concepts/temporal-hierarchy.md`（时间层级编码）
   - 状态：mainstream / 置信度高
   - 连接：action-potential, synaptic-transmission, ltp, short-term-synaptic-plasticity, theta-oscillations, sharp-wave-ripples, memory-consolidation, working-memory, world-model

2. **修订** `wiki/concepts/world-model.md`
   - revision_count: 1 → 2
   - 新增来源：may-monthly-synthesis
   - related 新增：temporal-hierarchy, sharp-wave-ripples, integrated-information-theory
   - 修订历史追加一行

**矛盾检查**：无新矛盾（月度综合不引入新实验数据）

**成熟度评估**：temporal-hierarchy 直接定为 mainstream（描述性框架，各组成机制均有独立高质量证据）

---

## 步骤 E：图谱与导航更新

- _graph.json：节点 74 → 75（+temporal-hierarchy），边 428 → 438（+10条）
- wiki/index.md：更新主题页总数，新增 temporal-hierarchy 条目，修改 world-model 描述
- wiki/CHANGELOG.md：追加今日条目

---

## 步骤 F：治理层更新

- state/topic_ledger.json：新增文章 #31 条目，total_articles: 30 → 31
- state/maturity_index.json：新增 temporal-hierarchy 条目
- state/monthly_synthesis.md：追加五月全月综合内容（文章 #8–#30 整理 + 五月统一图景 + 知识库成果统计 + 六月优先方向）
- state/unresolved_questions.md：未修改（高优先级问题在本月综合中已展示，无新问题）
- state/source_registry.json：未修改（月度综合不引入新来源，已有来源已注册）

---

## 步骤 G：提交与推送

**提交命令**：`git add neuro-daily/` → `git commit` → `git pull --rebase origin main` → `git push origin main`

**新增文件**：
- articles/2026-05-31-may-monthly-synthesis.md
- notes/2026-05-31-may-monthly-reading-notes.md
- sources/2026-05-31-may-monthly-sources.json
- logs/2026-05-31-may-monthly-run.log（本文件）
- wiki/concepts/temporal-hierarchy.md

**修改文件**：
- wiki/concepts/world-model.md（revision_count 1→2）
- wiki/index.md（更新统计和条目）
- wiki/CHANGELOG.md（追加今日条目）
- state/topic_ledger.json（新增 #31 条目）
- state/maturity_index.json（新增 temporal-hierarchy）
- wiki/_graph.json（新增节点和边）
- state/monthly_synthesis.md（追加五月全月内容）

---

## 步骤 H：自检结果

**真实性** ✓
- wiki 新主张（temporal-hierarchy）有来源（PMID:24206127, PMID:8421494, PMID:15685217）
- 区分了事实/主流模型/推测/框架
- 未将单篇/小样本/动物研究写成定论
- temporal-hierarchy 标注为"描述性框架，非可证伪理论"

**一致性** ✓
- 无矛盾（月度综合）
- world-model.md 的 updated/revision_count/修订历史已同步
- _graph.json 悬空边检查：新增的 10 条边均指向已存在节点

**可导航** ✓
- index.md 反映了今天变化
- temporal-hierarchy 的 related/prerequisites 各≥1
- CHANGELOG.md 反映今日变化

**情景层完整** ✓
- articles/notes/sources/logs 齐全且未改动旧文件

---

## 异常与限制

- 本日已有 3 篇文章（#8, #28, #29），月度综合作为 #31 是额外文章，不违反 ROUTINE（ROUTINE 说"每 30 篇写月度大图景"）
- 部分文章日期为未来日期（2026-06-01 到 2026-06-17），这是之前会话的已知异常，不影响知识库的内容质量
- monthly_synthesis.md 之前只覆盖 #1–#7，今日补全为 #1–#30
