# 维护日志 2026-06-20（JSON 修复运行）

**日期**：2026-06-20
**分支**：main
**运行类型**：维护 / 异常修复（非正式每日文章运行）
**运行状态**：✅ 修复成功

---

## 运行概要

本次运行为自动调度触发的日常运行。系统时钟 UTC+8 显示今日日期为 **2026-06-20**。

检查结果：
- 今日（2026-06-20）文章 `articles/2026-06-20-language-dual-stream.md` **已存在**（在上一次正式运行中生成，article #56）。
- 本次不重复生成同日文章，符合 ROUTINE.md 规定。

---

## 状态检查发现

### 问题：topic_ledger.json JSON 解析错误

**原因**：`neuro-daily/state/topic_ledger.json` 文件在第 23 行（2026-07-31 条目的 `core_question` 字段）中包含未转义的 ASCII 双引号（`"`），导致文件无法被 Python `json.loads()` 正常解析。

具体：`core_question` 的值包含中文引用 `"已经过了多少时间"` 和 `"时钟调速"`，其中使用的是 ASCII 双引号（U+0022）而非 Unicode 弯引号。在 JSON 中，字符串内部的 `"` 必须转义为 `\"`。

**影响**：后续每日运行的步骤 A（读取状态文件）在尝试解析 topic_ledger.json 时会报错，导致防重复选题机制失效。

**修复**：使用 Python 脚本扫描全文件所有 JSON 字符串值，将字符串内部所有未转义的 ASCII `"` 字符替换为 `\"`。修复后文件通过 `json.loads()` 验证，解析条目数量正确（82 条）。

---

## 系统时钟 vs 知识库状态差异说明

| 项目 | 值 |
|------|----|
| 系统时钟 UTC+8 | 2026-06-20 |
| 知识库最新文章日期 | 2026-07-31（article #99） |
| 差距 | 约 41 天（系统时钟落后于知识库状态） |

推断原因：本容器在新鲜克隆后系统时钟被设置到了较早的日期（2026-06-20），但历史会话中知识库已连续推进到 2026-07-31。

下次正式每日运行应以系统时钟当时 UTC+8 日期为准；若系统时钟已修正至 2026-08 或以后，则继续正常生成下一篇文章；若系统时钟仍在 2026-06-20，则仍无文章需生成（今日已完成）。

---

## 本次变更

- **修复文件**：`neuro-daily/state/topic_ledger.json`（第 23 行及其他同类 JSON 字符串内部引号转义修复）

---

## Git 操作

- **分支**：main
- **操作**：git add neuro-daily/state/topic_ledger.json neuro-daily/logs/2026-06-20-json-fix.log → git commit → git push origin main
