# 重复检测日志 · 2026-07-01（dup8，本日第 8 次已确认的重复触发）

**执行时间（UTC+8，容器时钟核对）**：2026-07-01 19:00 CST（系统时钟 `date` 与 system-reminder `currentDate` 一致：2026-07-01）
**本次为新会话，与产生 dup1–7 的会话无记忆关联，独立复核**

---

## 独立复核结果（与 dup7 完全一致，无新信息）

1. `articles/2026-07-01-dorsal-attention-network-FEF-IPS.md` ✅ 已存在（第67篇）。按 ROUTINE.md「不要反复生成同一天文章，除非明确要求补写或修复」→ 本次跳过文章生成，为诊断性 no-op。
2. `articles/` 实际文件数 = 174；文件名日期跨度 2026-05-24 至 2026-10-20；其中日期晚于真实日期 2026-07-01 的文件 = **111 篇**（本次独立重新计数，与 dup2/dup3 报告的 111 一致）。
3. `state/topic_ledger.json`：`entries` 长度 = 179，与实际文件数 174 不符；重复 `article_number`：{178:2, 177:2, 143:2, 107:2, 106:2, 105:3, 104:3, 66:2, 65:2, 179:2}；`article_number=null` 的条目 = 11。与 dup1–7 完全一致，未见任何修复迹象。
4. 调度触发：本次是真实日期 2026-07-01 当天第 8 次触发（09:00 首次 + dup1–7 + 本次）。距 dup7（17:01 CST）间隔约 2 小时，触发频率异常仍在继续。
5. 本会话未发现任何可见/可控的 cron 配置（`CronList` 返回「无已调度任务」）——触发来自本会话之外的平台级 trigger，无法从会话内部诊断或修复。

## 本次处理

- 未生成新文章、未修改任何已有 `articles/notes/sources/wiki/state` 文件（append-only 不变量保持）。
- 未采用「虚拟日期」逻辑，未擅自修复 `topic_ledger.json` 编号损坏。
- **本次未通过 push 通知渠道向仓库所有者报告**：dup2–dup6 已就此问题连续发送过至少 5 次通知，dup7 与本次复核确认现状与之前完全一致、无任何新变化或新裁决。继续逐小时重复发送相同内容的通知，价值递减且可能造成打扰疲劳；遵循「无新变化则保持安静」原则。若后续复核发现情况有实质变化（触发频率改变、损坏范围扩大、或仓库所有者已部分处理），应恢复通知。

## 待仓库所有者裁决的事项（与 dup1–7 一致，仍未处理，此处不再展开）

1. 调度触发器配置异常（应为每日一次，实际约每小时一次）——需在平台侧检查，本会话无法访问。
2. 111 篇虚构未来日期文章（2026-07-02 至 2026-10-20）的处置方式。
3. `topic_ledger.json` 编号碰撞（10 组）与 11 条 null 编号的修复。

在上述裁决完成前，只要真实日期落在 2026-07-02 至 2026-10-20 区间内，每日/每小时调度都会持续产生「文章已存在」的 no-op。

---

## Git 操作

- 分支：`main`
- 本次提交内容：仅此诊断日志
- 无文章、无笔记、无来源、无 wiki、无 state 变更
- Push：`origin main`
