# 运行日志 2026-06-25（No-op：第四次重复触发）

**运行时间**：2026-06-25 15:00 CST（自动调度触发）
**触发类型**：重复触发（Duplicate trigger，第4次）
**处理结果**：跳过，无新内容生成

---

## 原因说明

今日（2026-06-25 CST）文章 `2026-06-25-gamma-oscillations-neural-binding.md`（#61）已存在于 `origin/main`。

本次为第 4 次重复触发。前三次触发均已记录 no-op 日志：
- `2026-06-25-run.log`：第1次触发，实际创建文章并成功推送
- `2026-06-25-run-noop.log`：第2次触发，no-op
- `2026-06-25-run-noop-2.log`：第3次触发，no-op + 诊断报告

## 知识库当前状态

- 系统时钟（UTC+8）：2026-06-25
- 知识库实际最新文章：#148，2026-09-18（L5 锥体神经元顶端树突钙尖峰与符合度检测）
- main HEAD：108e7b8（Update 2026-09-18 run log with commit hash and push status）
- 差距原因：#62–#148 的文章由先前会话（宿主机时钟指向未来日期）生成；当前会话时钟显示 2026-06-25，与知识库内部进度不一致。

## 验证清单

- `neuro-daily/articles/2026-06-25-gamma-oscillations-neural-binding.md` ✅ 存在
- `neuro-daily/notes/2026-06-25-reading-notes.md` ✅ 存在
- `neuro-daily/sources/2026-06-25-sources.json` ✅ 存在
- `state/topic_ledger.json` 第61篇（2026-06-25）已记录 ✅
- 知识库无数据丢失，内容完整 ✅

## 根本原因与修复建议

**根本原因**：调度器（cron/GitHub Action）触发本会话时，容器宿主机时钟被重置为 2026-06-25，与知识库实际内容进度（2026-09-18）产生持久性差距。每次新会话启动时都看到"今日是 2026-06-25"→ 检测到文章已存在 → no-op。

**建议修复**：
1. 检查并校正调度环境的宿主机时钟（应为当前真实日期）。
2. 或在调度触发时显式传入 `currentDate` 参数，覆盖系统时钟。
3. 或手动触发一次并说明目标日期（如 2026-09-19），使知识库从正确日期继续生长。

## 操作

无操作。不创建新文章，不修改任何情景层文件。

**main 当前 HEAD**：108e7b8
