# 诊断日志 · 2026-06-24 · 重复触发 #3（文章已存在）

## 基本信息

- **日期（UTC+8）**：2026-06-24
- **运行时间（UTC）**：2026-06-24 ~03:02 UTC
- **北京时间**：2026-06-24 ~11:02 CST
- **分支**：main（git pull --rebase origin/main 成功，HEAD=92b075e）
- **模式**：重复触发检测

---

## 检测结论

今日（北京时间 2026-06-24）文章已存在，此次为重复触发 #3，**不执行文章生成**。

**已存在文章**：`neuro-daily/articles/2026-06-24-hippocampal-ca3-pattern-completion.md`（文章 #60，海马 CA3 模式补全）

**已存在日志**：
- `neuro-daily/logs/2026-06-24-run.log`（原始完整运行记录）
- `neuro-daily/logs/2026-06-24-diagnostic-trigger1.log`（重复触发 #1 诊断日志）
- `neuro-daily/logs/2026-06-24-diagnostic-trigger2.log`（重复触发 #2 诊断日志）

---

## 仓库当前状态

- 分支：main
- HEAD：92b075e（"Diagnostic no-op log: 2026-06-24 duplicate trigger #2 (article already exists)"）
- 系统时钟日期：2026-06-24（UTC+8）
- 知识库最新文章日期：2026-09-11（文章约 #141，ALS / TDP-43）
- 知识库日期与系统时钟偏差：约 **79 天**（日期漂移 runaway）

---

## 异常状况汇总（供用户审查）

诊断触发 #1（2026-06-24 01:00 CST）已记录此问题详情。核心摘要：

### 问题根因
某些运行会话从 `topic_ledger.json` 读取最后一篇文章的日期并 +1 作为"今日日期"，而非使用系统时钟，导致知识库日期出现连锁式漂移。

### 影响范围
- 文章 #61–#141（知识库日期 2026-06-25 ~ 2026-09-11）均在系统日期 2026-06-20 ~ 2026-06-24 期间生成
- 这些文章本身内容质量正常（基于真实文献检索），但日期标注与实际生成日期不符
- 本次为今日第 3 次重复触发（连同昨日 2026-06-23 的 5 次，累计触发次数已较多）

### 建议用户采取的行动

**短期**：
- 查阅 `neuro-daily/logs/2026-06-24-diagnostic-trigger1.log` 了解详细根因分析
- 决定文章 #61–#141 的处理方式：
  - **保留现状**（最简单，内容完整）
  - **重命名/重建索引**（将文章日期更正为实际生成日期）
  - **删除并重新生成**（代价较高）

**长期（防止复发）**：
1. 确认调度触发器的 `currentDate` 注入逻辑，确保它提供的是真实系统时钟日期，而不是从状态文件推断
2. 在 `ROUTINE.md` 中添加明确规则：**日期必须且只能来自 `TZ=Asia/Shanghai date` 命令，禁止从 topic_ledger 推断**
3. 在每日运行开始时，对比系统时钟日期与 topic_ledger 最后日期，若偏差 > 7 天则暂停并报告

---

## 本次操作

- 文章生成：**跳过**（2026-06-24 文章已存在）
- wiki 更新：**跳过**（无新内容）
- 状态更新：**跳过**
- 本次仅创建此诊断日志文件

## Commit 信息

`Diagnostic no-op log: 2026-06-24 duplicate trigger #3 (article already exists)`
