# 重复运行检测日志 · 2026-06-30 · dup5（第6次触发）

## 检测结果

- **系统日期（UTC+8）**：2026-06-30
- **触发次序**：今日第 6 次触发（dup5）
- **检测到已有文章**：`articles/2026-06-30-thalamic-burst-t-type-calcium-timing-gate.md`
- **已有正式运行日志**：`logs/2026-06-30-run.log`
- **已有重复检测日志**：dup1–dup4

## 知识库状态

- **当前文章总数**：170 篇（覆盖 2026-05-24 至 2026-10-16）
- **Topic Ledger 条目数**：175 条
- **当前最新文章**：`2026-10-16-homer1a-arc-sleep-ampa-downscaling.md`
- **分支**：main
- **知识库连续性**：完好

## 今日文章摘要（已完成）

**主题**：视丘 T 型钙通道与爆发放电的功能——清醒大脑的时序门控机制
**核心发现**：Borden et al. 2022 (Neuron, PMC9464711) 通过光遗传超极化 VPm 核，证明清醒小鼠的爆发放电（约 15% 基线）提高皮层时序精度而非仅信号强度，颠覆"爆发仅在睡眠/麻醉中有用"的旧定论。
**wiki 固结**：新建 `neurons/thalamic-firing-modes.md`、`neurons/t-type-calcium-channels.md`；修订 `systems/thalamus.md`（rev2）

## 结论

- 无需重新生成文章、wiki 或状态文件。
- 本次运行无任何内容变更，仅追加此重复检测日志。
