# 每日运行日志 · 2026-09-03

**开始时间**：2026-06-10 UTC+8（UTC: 2026-06-09 21:XX UTC）
**文章编号**：#134
**主题**：大脑的反向传播幻觉：预测编码如何在没有全局误差信号的情况下学习一切
**Q-fep-02 追踪**（VAE 等价与生物反向传播，中优先级）

---

## 状态读取摘要

- `topic_ledger.json`：读取，已有 115 条记录（最近：2026-09-02 小脑主动推断）
- `unresolved_questions.md`：读取，Q-fep-02（中优先级）为今日选题驱动因素
- `contested_claims.json`：读取，12 条已有矛盾（+ 2026-09-02 新增 C-2026-09-02-01 = 13 条）
- `wiki/_graph.json`：读取，279 节点 / 1566 边；pc-learning 和 credit-assignment 节点均不存在
- 近 3 天层级：2026-08-31（whole-brain-network/cognition）, 2026-09-01（whole-brain-network/theory）, 2026-09-02（cellular/microcircuit/brain-region）
- 今日层级选择：synaptic/cellular/microcircuit（+ cognition 作为次要层级）

---

## 选题过程

**驱动因素**：Q-fep-02（中优先级，新增于 2026-09-01）
**选题逻辑**：前两天（#132 FEP/主动推断，#133 小脑作为主动推断引擎）分别建立了 FEP 数学框架和运动控制应用，但学习算法层面（大脑如何通过局部规则实现类梯度下降的权重更新）尚未覆盖——这正是 Q-fep-02 的核心。

**最终聚焦**：PC-Learning（预测编码学习）与反向传播的生物等价性，核心问题：
1. 信用分配问题的双维度（空间/时间）与大脑的两套解法
2. Whittington & Bogacz 2017 数学证明：局部 Hebbian ↔ 反向传播梯度
3. Max et al. 2026 皮层实现：L2/3 误差单元 + L5 表征单元，5 区域任务验证
4. 树突空间分区（Richards & Lillicrap 2019）为信号隔离提供解剖基础
5. Q-fep-02 部分回答：权重更新维度已解决，时间维度和多目标权衡仍开放

---

## 文献检索记录

**搜索词**（按时间顺序）：
1. "predictive coding backpropagation biologically plausible learning 2022-2026 PubMed"
2. "predictive coding local learning rule credit assignment biological PubMed"
3. "Richards Lillicrap dendritic credit assignment 2019 PubMed"
4. "Roelfsema Holtmaat control synaptic plasticity deep cortical PubMed"
5. "Brucklacher predictive coding local minimization invariant object 2023 PubMed"
6. PubMed entry pages for PMID:28333583, PMID:41996333, PMID:30205266
7. PMC full text for PMC5467749 (Whittington & Bogacz), PMC13089762 (Max et al.), PMC10561268 (Brucklacher)

**数据源**：PubMed/NCBI, PubMed Central (PMC), Europe PMC

**候选来源**：~12 个

**采用来源（5 个）**：
1. PMID:28333583 / PMC5467749 — Whittington & Bogacz 2017（开放全文 ✅ 核心）
2. PMID:41996333 / PMC13089762 — Max et al. 2026（开放全文 ✅ 核心）
3. PMID:37818157 / PMC10561268 — Brucklacher et al. 2023（开放全文 ✅ 支持）
4. PMID:30205266 — Richards & Lillicrap 2019（仅摘要 ⚠️）
5. PMID:29449713 — Roelfsema & Holtmaat 2018（仅摘要 ⚠️）

**排除来源**：
- 非预训练/机器学习工程类论文（不符合神经科学机制聚焦）
- 2016 年 CNS 大会摘要集（不相关）
- 过于宽泛的综述（无法追溯具体机制）

**限制说明**：
- 来源 4（Richards & Lillicrap 2019）：Elsevier 付费墙，仅摘要
- 来源 5（Roelfsema & Holtmaat 2018）：NPG 付费墙，仅摘要
- 均在文章中标注"⚠️ 未读取全文"

---

## 文章写作

**字数估计**：约 5500 字（符合 ROUTINE.md 3000-6000 字要求）
**核心机制分层**：突触（Hebbian 规则局限）→ 细胞/微回路（误差/表征神经元分工）→ 皮层（L2/3 vs L5 双流）→ 全脑理论（PC-Learning = FEP 学习路径）
**比喻**：公司内部错误追责（5 层管理结构的分级报告 vs CEO 亲力亲为的全局计算）

---

## 固结步骤（D）

**今日触及概念（处理记录）**：

| slug | wiki 状态 | 处理 |
|------|----------|------|
| credit-assignment | 无 | ✅ 新建（rev1，established, high）|
| pc-learning | 无 | ✅ 新建（rev1，emerging, medium）|
| predictive-coding | 已有（rev9）| ✅ 修订 rev10：新增 PC-Learning = 反向传播近似段落 |
| hebbian-learning | 已有 | 未修订（今日内容已在新建页中引用，现有页足够）|
| three-factor-learning-rule | 已有（rev3）| 未修订（already contains eligibility trace + Q-fep-02 reference）|
| canonical-microcircuit | 已有 | 未修订（L2/3/L5 功能已有记录，今日仅在新建页中引用）|

**矛盾检查**：
- 无新矛盾：PC-Learning 理论不与现有 wiki 主张冲突（predictive-coding 页已有误差单元概念，今日深化而非翻案）
- 现有矛盾（C-2026-09-02-01 等）：今日内容未引入新证据，不变

**成熟度评估**：
- credit-assignment：established/high（概念本身教科书级确立；解法多样，证据体系完整）
- pc-learning：emerging/medium（数学证明强；皮层实现计算模型合理；但体内直接验证有限）

---

## 步骤 E：图谱与导航

- `_graph.json`：+2 节点（credit-assignment, pc-learning），+13 条边；281 节点，1579 边
- `wiki/index.md`：更新头部元数据；新增 credit-assignment 和 pc-learning 条目
- `wiki/CHANGELOG.md`：添加 2026-09-03 条目（新建2页，修订1页，矛盾0条，Q-fep-02进展）

---

## 步骤 F：治理层

- `state/topic_ledger.json`：新增条目（116 条，total_articles=134）
- `state/unresolved_questions.md`：更新 Q-fep-02 状态（B 部分回答，新增可测实验预测）
- `state/source_registry.json`：新增 5 个来源
- `state/monthly_synthesis.md`：追加 2026-09-03 摘要
- `state/contested_claims.json`：无变化（无新矛盾）
- `state/maturity_index.json`：待更新（如文件存在）

---

## 步骤 G：Git 操作

**分支**：main（知识库累积主分支）
**commit message**：Add neuro daily article + wiki consolidation for 2026-09-03

---

## 自检结果（步骤 H）

**真实性**：
- [x] 所有 wiki 新主张有来源（PMID/DOI）
- [x] 区分了事实/主流模型/推测（PC-Learning 标注 emerging/medium；数学证明标注"高"；体内验证标注"中"）
- [x] 未把仅有计算模型的结论当作确立事实（Max et al. 2026 和 Brucklacher 2023 均标注"计算模型，待体内验证"）
- [x] 未读取全文的来源（Richardson & Lillicrap, Roelfsema & Holtmaat）均在文章和来源文件中标注 ⚠️

**一致性**：
- [x] 无新矛盾，未触发矛盾协议
- [x] 修订页（predictive-coding rev10）updated/revision_count/修订历史已同步
- [x] _graph.json 无未记录悬空边（credit-assignment 和 pc-learning 的所有 related 节点已在图中）

**可导航**：
- [x] index.md 和 CHANGELOG.md 反映今天变化
- [x] 新页 credit-assignment 的 related（7个）和 prerequisites（3个）均已填写
- [x] 新页 pc-learning 的 related（11个）和 prerequisites（4个）均已填写

**情景层完整**：
- [x] articles/2026-09-03-pc-learning-biological-backpropagation.md ✅
- [x] notes/2026-09-03-reading-notes.md ✅
- [x] sources/2026-09-03-sources.json ✅
- [x] logs/2026-09-03-run.log ✅（本文件）
- [x] 未修改任何旧文件（append-only 原则，仅修订 predictive-coding.md 的现有章节）

---

## 最终状态

- 推送分支：main
- commit hash：4aa8af4
- push 状态：✅ 成功（main → origin main）
