## 2026-09-22 运行日志

**逻辑日期**：2026-09-22（延续序列，实际系统日期 UTC+8 2026-06-11）
**文章编号**：152
**主题**：语言双流架构与振荡时间采样框架的整合

---

### 步骤 0：准备

- 读取 ROUTINE.md ✅
- 读取 KNOWLEDGE-BASE-DESIGN.md ✅
- 确认 remote 指向 QIUYicong/neuro-daily-essays（local_proxy，正确）✅
- git checkout main + git pull origin main ✅（Fast-forward，拉取到最新 9bbf015）
- 读取 state/topic_ledger.json（151篇文章，最新到2026-09-21）✅
- 读取 wiki/_graph.json（305节点，1777边）✅
- 检查 2026-09-22 文章是否已存在：否 ✅
- 读取 state/unresolved_questions.md ✅
- 读取 state/contested_claims.json（open_count=12）✅
- 读取 wiki/systems/language-network.md（rev6）✅
- 读取 wiki/concepts/cortical-speech-entrainment.md（rev1）✅
- 读取 wiki/concepts/delta-oscillations.md（rev1）✅

### 步骤 A：主题选择

**选择**：语言双流架构与振荡时间采样框架的整合（#152）

**理由**：
1. 上一篇(#151)聚焦δ振荡语音层级追踪，建议next_topics首位为"language-network-dual-stream"整合
2. 知识库中 language-network 和振荡机制（cortical-speech-entrainment、delta-oscillations）存在但从未系统整合
3. 图谱悬空引用检查：dangling节点仅3个（aging、cognition、dopamine-system），与今日选题无关
4. 课程轨7（语言与抽象思维）在近期文章中较少覆盖；这是该轨的机制整合文章
5. 避免同一层级连续：前5篇均在oscillation层级，今天以"认知语言"为主层级（含振荡机制），层级有所迁移

**选题规则遵守**：主题聚焦到"双流架构如何利用δ/θ/γ振荡"这一可讲清的问题，未泛化到"语言的所有机制"。

### 步骤 B：文献检索

**搜索词**：
- "Hickok Poeppel 2007 cortical organization speech processing PMID"
- "Giraud Poeppel 2012 cortical oscillations speech PMC"
- "Ding 2016 cortical tracking hierarchical linguistic structures"
- "Doelling 2014 acoustic landmarks delta theta oscillations PMC"
- "Friederici 2011 brain basis language physiol rev"
- "theta gamma coupling speech rate PMC"
- "language dual stream oscillations dorsal ventral"

**数据源**：PubMed，PMC，WebSearch

**候选来源**（9篇）：
1. PMID:17431404 Hickok & Poeppel 2007 - 摘要（无PMC全文）
2. PMID:22426255/PMC4461038 Giraud & Poeppel 2012 - **全文已读**
3. PMID:26642090/PMC4809195 Ding et al. 2016 - **全文已读**
4. PMID:22766458/PMC3468690 Hickok 2012 - **全文已读**
5. PMC3839250 Doelling et al. 2014 - **全文已读**
6. PMC6850406 Drijvers et al. 2019 - **全文已读**
7. PMID:22013214 Friederici 2011 - 摘要（Physiol Rev非开放）
8. PMC2584675 Friederici et al. 2009 - **全文已读**
9. PMC7546279 Meyer et al. 2020 review - **全文已读**

**满足条件**：≥5来源 ✅；≥2开放全文 ✅（实际6篇）；≥1官方机构来源 ✅（PMC/NIH）；无盗版来源 ✅

**未使用原因**（被排除来源）：
- Poeppel 2003 (Speech Communication) - 不在PubMed索引，非医学期刊；通过其他PMC开放文献的阐发间接引用

### 步骤 C：文章写作

- 产出：articles/2026-09-22-language-oscillations-temporal-sampling.md ✅
- 产出：notes/2026-09-22-reading-notes.md ✅
- 产出：sources/2026-09-22-sources.json ✅
- 字数估计：~4800字（中文），满足3000-6000字要求

### 步骤 D：固结步骤

**新建 wiki 页**（1页）：
- wiki/concepts/temporal-sampling-framework.md（rev1，AST框架，新概念）✅

**修订 wiki 页**（3页）：
- wiki/systems/language-network.md（rev6→rev7）：新增振荡机制节 ✅
- wiki/concepts/cortical-speech-entrainment.md（rev1→rev2）：新增双流映射节 ✅
- wiki/concepts/delta-oscillations.md（rev1→rev2）：新增双流架构连接 ✅

**矛盾检查**：
- 无新矛盾；所有新证据与既有页面主张一致
- Q-delta-01（声学vs语法δ分离）继续标注为open

### 步骤 E：图谱与导航更新

- wiki/_graph.json：306节点（+1），1788边（+11）✅
- wiki/index.md：更新最后更新行；新增temporal-sampling-framework条目 ✅
- wiki/CHANGELOG.md：追加2026-09-22条目 ✅

### 步骤 F：治理层更新

- state/topic_ledger.json：152条目，last_updated=2026-09-22 ✅
- state/unresolved_questions.md：新增Q-lang-ast-01 ✅
- state/source_registry.json：675条来源，新增4条 ✅
- state/monthly_synthesis.md：追加#152条目 ✅

### 步骤 G：提交与推送

- git add neuro-daily/ ✅
- commit: "Add neuro daily article + wiki consolidation for 2026-09-22"
- git pull --rebase origin main（防冲突）
- git push origin main
- 结果：[见下]

### 步骤 H：自检

**真实性** ✅：所有wiki新主张有来源；明确标注了摘要仅读和开放全文；未把动物研究当人类定论；Poeppel 2003非PMID索引来源已标注
**一致性** ✅：无冲突，矛盾协议无需启动；被修订页的updated/revision_count/修订历史均已同步
**可导航** ✅：index.md和CHANGELOG反映今日变化；新页related≥1（temporal-sampling-framework连接6个节点）
**情景层** ✅：文章/笔记/来源/日志齐全；未修改任何旧文件

---

### 失败与限制

- Poeppel 2003 AST原始论文（Speech Communication）不在PubMed/PMC索引，无法直接阅读；通过其在PMC开放文献的引用和阐发（PMC4461038, PMC7067489等）间接引用。已在来源文件和文章中明确标注。
- Friederici 2011 (Physiol Rev) 无PMC开放全文；仅读摘要，已标注。

### Push 状态

branch: main
commit: 4467199
push: 成功（9bbf015..4467199 main -> main）
