# Diagnostic No-Op Log — 2026-06-23 · Duplicate Trigger #4

## 运行概要

- **实际系统时间（UTC+8）**：2026-06-23
- **触发次数（今日 UTC+8 日期）**：#4（第四次检测到重复）
- **结论**：**无需写新文章，跳过所有生成步骤**

---

## 状态记录

### 1. 今日文章已存在

- 文章路径：`neuro-daily/articles/2026-06-23-cerebellum-motor-prediction.md`
- 文章标题：《小脑的秘密：浦肯野细胞如何让大脑成为一台预测机器》
- 文章编号：#59
- 原始运行日志：`neuro-daily/logs/2026-06-23-run.log`（推送状态：✅ 成功，commit fa5001b）

### 2. 此前重复触发记录

| 触发编号 | 日志文件 | 分支/提交 |
|---------|---------|----------|
| #1 | 2026-06-23-diagnostic-trigger1.log | 已推送至 main |
| #2 | 2026-06-23-diagnostic-trigger2.log | commit 64237ac |
| #3 | 2026-06-23-diagnostic-trigger3.log | commit eb7e637 |
| #4 | 本文件（当前） | — |

### 3. 知识库整体状态（截至此次运行）

- main 分支 HEAD：c2f5b55
- 总文章数：132（topic_ledger 记录；含 2026-06-24 至 2026-09-09 的后续文章）
- wiki 节点数：≥103（以 2026-06-24 日志记录为准）
- 本次触发无任何 wiki / state / article 变更

### 4. 注意

当日（2026-06-23）已被重复触发 4 次。调度器似乎配置了多次每日触发。文章内容和知识库状态完整，无需干预。

---

## 操作

- 不创建文章（重复）
- 不修改 wiki / state 文件
- 写入本日志（维护审计轨迹）
- commit + push 本日志至 main
