# 运行日志：2026-06-28

**运行时间**：2026-06-28（UTC+8）
**文章编号**：#184
**主题**：TARP 辅助亚基——AMPA 受体突触定位与 LTP 的分子导航系统

---

## 执行步骤

### 步骤 0：同步主分支
- `git pull --rebase origin main`（因 divergent branches 使用 rebase 模式）

### 步骤 A：读取状态文件
- 读取 ROUTINE.md ✓
- 读取 KNOWLEDGE-BASE-DESIGN.md ✓
- 读取 state/topic_ledger.json ✓（最大文章号 #183，当前文章 #184）
- 读取 state/unresolved_questions.md ✓
- 读取 state/contested_claims.json ✓（5 条开放声明）
- 读取 wiki/_graph.json ✓（333节点/2006边）

### 步骤 B：选题
- 选题：TARP 辅助亚基（tarp-auxiliary-subunit）
- 理由：ampa-receptor.md 中明确标注"待建页面"；多篇近期文章（#176/#181/#183）均建议 TARP 作为下一个主题；知识图谱中 ampa-receptor 节点的悬空引用 [[tarp-auxiliary-subunit]] 需要填补

### 步骤 C：研究与写作
- 委托研究代理进行文献核查
- 研究代理确认 3 个初稿 PMID 错误：
  - PMID:10936990 → 正确 PMID:11140673 (Chen 2000, Nature)
  - PMID:16258581 → 正确 PMID:15858532 (Tomita 2005, Nature)
  - PMID:28823958 → 正确 PMID:28103477 (Nicoll 2017, Neuron)
- 文章写作完成：约 5000 字，15 条来源，含 5 篇开放全文

### 步骤 D：Wiki 固结

**新建页面**：
- wiki/concepts/tarp-auxiliary-subunit.md（rev1）✓

**修订页面**：
- wiki/concepts/ampa-receptor.md（rev4→rev5）✓：
  - 扩充 LTP 插入机制（加入 TARP 磷酸化步骤）
  - 更新 [[tarp-auxiliary-subunit]] 链接（删除"待建页面"）
  - key_sources 新增 4 条；未解问题新增 2 条
- wiki/neurons/camkii.md（rev3→rev4）✓：
  - LTP 模式新增步骤6（TARP polybasic region 磷酸化→扩散陷阱）
  - 新增 [[tarp-auxiliary-subunit]] 连接

**文章修正**：
- 修正 3 个错误 PMID（Chen 2000/Tomita 2005/Nicoll 2017）

### 步骤 E：图谱与导航更新

**图谱更新**（wiki/_graph.json）✓：
- 新增节点：tarp-auxiliary-subunit（established/high）
- 新增边：11 条
- 总计：334节点/2017边

**wiki/index.md 更新**✓：
- 标题行更新（第184篇，326页，334节点/2017边）
- 新增 tarp-auxiliary-subunit 条目（concepts 区块）
- camkii 条目更新（rev4）

**wiki/CHANGELOG.md 更新**✓：
- 新增 #184 条目（置于顶部）

### 步骤 F：治理文件更新

- state/topic_ledger.json ✓（新增条目 #184，共 172 条）
- state/unresolved_questions.md ✓（新增 Q-tarp-01 至 Q-tarp-04）
- state/source_registry.json ✓（新增 22 条来源，总 687 条）
- state/monthly_synthesis.md ✓（新增 #184 日摘要）
- neuro-daily/notes/2026-06-28-reading-notes-tarp.md ✓（创建）
- neuro-daily/sources/2026-06-28-sources-tarp.json ✓（创建）

### 步骤 G：提交与推送
- git add + git commit（Add neuro daily article + wiki consolidation for 2026-06-28）
- git push origin main

---

## 质量核查

- [x] 所有 PMID 经研究代理核查，3 个错误已修正
- [x] 文章中无自我引用（使用"#数字"格式引用系列内其他文章）
- [x] 不包含医疗建议
- [x] 所有来源均通过正常学术渠道（PubMed/PMC），无盗版来源
- [x] 新 wiki 页遵循 _TEMPLATE.md 格式
- [x] 图谱一致性：tarp-auxiliary-subunit 节点与新建 wiki 页的 related 字段一致
- [x] ampa-receptor 悬空引用已填补
- [x] contested_claims.json 无新增争议声明（今日主题无高度争议领域）

---

## 文件变更摘要

**新建**：
- articles/2026-06-28-tarp-ampa-receptor-synaptic-trafficking.md
- wiki/concepts/tarp-auxiliary-subunit.md
- notes/2026-06-28-reading-notes-tarp.md
- sources/2026-06-28-sources-tarp.json
- logs/2026-06-28-run.log（本文件）

**修订**：
- wiki/concepts/ampa-receptor.md（rev4→rev5）
- wiki/neurons/camkii.md（rev3→rev4）
- wiki/index.md
- wiki/CHANGELOG.md
- wiki/_graph.json（+1节点/+11边）
- state/topic_ledger.json（+1条目）
- state/unresolved_questions.md（+4问题）
- state/source_registry.json（+22来源）
- state/monthly_synthesis.md（+1摘要）

---

*日志生成：自动化运行（无交互模式）*
