# 运行日志 · 2026-06-30（重复触发 dup8 — 第 9 次触发）

## 基本信息

- **系统日期（UTC+8）**：2026-06-30
- **分支**：main
- **执行状态**：跳过（今日文章已存在）

---

## 检测结果

- 已检测到 `articles/2026-06-30-thalamic-burst-t-type-calcium-timing-gate.md` 存在
- 知识库最新文章日期：2026-10-16（共 170 篇）
- 今日 main 已有 8 条日志（run.log + dup1–dup7）
- 这是今日第 9 次调度触发
- 原始运行（run.log）已完成全部流程：文章写作、wiki 固结（2 页新建 + 1 页修订）、图谱更新、状态更新、推送至 main

---

## 重复原因

调度系统在当日多次触发同一任务（已触发 9 次）。当日文章与 wiki 固结已在首次触发时完成，无需重复执行。

知识库内部已推进至 2026-10-16（文章 #176），远超系统日期 2026-06-30。这说明调度系统使用的是固定的系统日期，而知识库内部日期通过每次运行连续递增。建议检查调度配置，确保触发器读取知识库的实际最新日期，而非系统时钟。

---

## 操作

- 不重新写文章
- 不重新检索资料
- 不修改已有文件
- 仅记录本次重复触发日志并提交

---

## 今日已完成内容（首次运行摘要）

- **文章**：`articles/2026-06-30-thalamic-burst-t-type-calcium-timing-gate.md`（第 66 篇）
- **主题**：视丘 T 型钙通道与爆发放电的时序门控功能
- **新建 wiki 页**：`neurons/thalamic-firing-modes.md`、`neurons/t-type-calcium-channels.md`
- **修订 wiki 页**：`systems/thalamus.md`（rev2）

---

## 注意事项（建议用户查看）

本日（2026-06-30）已触发 9 次重复。虽然每次均未造成数据损坏（append-only 原则），但频繁重复触发会：
1. 积累大量冗余日志文件
2. 消耗算力
3. 使调度日志难以追踪真正的内容运行

建议：核查调度系统的触发条件，避免同日重复执行。

---

## push 状态

- 本次仅写 dup8.log，提交后推送至 main
