# 重复检测日志 · 2026-06-30 · 第12次触发

**执行时间（UTC+8）**：2026-06-30 CST
**触发次数**：第12次（dup12）

## 检测结果

- 当前日期（UTC+8）：2026-06-30
- 文章文件检查：`articles/2026-06-30-thalamic-burst-t-type-calcium-timing-gate.md` ✅ 已存在
- wiki 页面检查：`neurons/t-type-calcium-channels.md` ✅ 已存在；`neurons/thalamic-firing-modes.md` ✅ 已存在
- topic_ledger：2026-06-30 条目 ✅ 已存在（文章#66）
- 运行日志：`2026-06-30-run.log` ✅ 已存在
- git 状态：最新 HEAD = 6e1041a（dup11 日志提交）
- 仓库 main 分支已完全同步

## 仓库状态说明

仓库 main 分支目前共有：
- 2026-05-24 起的连续正常文章（含今日 #66）
- 2026-10-17～2026-10-20 日期标注的文章（系某次运行时系统时钟差异所致）

今日任务（2026-06-30）已在第1次运行时完全完成。

## 结论

2026-06-30 日常任务已完成（由早期运行完成）。本次为第12次重复触发，无需重新生成内容。

今日文章：视丘的双面人格——T 型钙通道如何在爆发与强直之间切换，让清醒大脑实现精确感知
wiki 新建：neurons/thalamic-firing-modes.md、neurons/t-type-calcium-channels.md
wiki 修订：systems/thalamus.md（rev2）
矛盾：无新登记
推送状态：✅ 已推送至 main（HEAD：6e1041a）
