# 运行日志：2026-06-28（第六次调用 · 重复检测）

**运行时间**：2026-06-28 UTC+8（计划触发）
**运行状态**：跳过（当日文章已存在，且前五次调用已完整执行）

---

## 检测结果

### 步骤 0：同步
- `git checkout main && git pull --rebase origin main` ✓
- remote 指向 `QIUYicong/neuro-daily-essays` ✓
- 最新 commit: 518de8d（"Log duplicate run detection for 2026-06-28 (5th invocation, article #184 already exists)"）

### 步骤 A：读取状态
- 读取 ROUTINE.md ✓
- 读取 KNOWLEDGE-BASE-DESIGN.md ✓
- 读取 state/topic_ledger.json ✓
  - total_articles: 184
  - 今日（2026-06-28）已有 5 条条目
  - 最新文章：#184 · TARP/AMPA 受体突触定位（2026-06-28-tarp-ampa-receptor-synaptic-trafficking）

### 步骤 B：选题判断
- **当天文章已存在**：topic_ledger 中 2026-06-28 已有 5 篇文章
- ROUTINE.md 规定："不要反复生成同一天文章，除非 ROUTINE.md 明确要求补写或修复当天任务"
- **本次调用不再创建新文章，避免重复**

---

## 今日 2026-06-28 运行记录汇总（截至本次调用）

| 调用次序 | 日志文件                     | 对应文章                     |
|---------|---------------------------|------------------------------|
| 第1次   | 2026-06-28-run-attention.log | #178 注意力神经机制（三级联动门控） |
| 第2次   | 2026-06-28-run-ltp60.log    | #181 KIBRA-PKMζ 寡聚体 LTP 记忆持久化 |
| 第3次   | 2026-06-28-run-ms.log       | #183 多发性硬化·髓鞘与时序计算 |
| 第4次   | 2026-06-28-run.log          | #184 TARP 辅助亚基·AMPA 受体突触定位 |
| 第5次   | 2026-06-28-run-dup5.log     | 跳过（第5次重复检测，无新文章） |
| **第6次** | **本文件（dup6）**         | **跳过（第6次重复检测，无新文章）** |

---

## 知识库当前状态（截至本次调用）

- 文章总数：184 篇
- Wiki 页面：约 334 页（含已有节点）
- 知识图谱：334 节点 / 2017 边
- 图谱最后更新：2026-06-28
- 开放矛盾登记：8 条（open_count=8，见 contested_claims.json）
- 最新文章：#184 · TARP 辅助亚基与 AMPA 受体突触定位（2026-06-28）

---

## 待处理高优先级事项（供下次运行参考）

### 开放矛盾（高优先级）
1. **C-2026-05-31-01**：IIT 后方皮层同步预测 vs COGITATE 2025 实验否定
2. **C-2026-05-31-02**：GNW 偏移点燃预测 vs COGITATE 实验缺失
3. **C-2026-07-02-01**：星形胶质细胞钙依赖性谷氨酸胞吐争议

### 高优先级未解问题
- Q-tarp-01：TARP 帮助 AMPA 受体离开 ER 的具体分子机制
- Q-tarp-04：TARPγ-8 靶向药物脑区安全性
- Q-kibra-invivo-hexamer：KIBRA-PKMζ 六聚体的体内结构验证

### 课程脊柱下一步建议
当前已深入学习主题：学习和记忆（LTP/PKMζ/KIBRA）、认知控制（注意力）、方法/意识/疾病
建议下一篇聚焦：**课程脊柱 4（学习记忆）中尚未覆盖的领域**，例如：
- 海马 theta 节律与工作记忆编码的结合（Q-tarp-03 关联）
- 突触标签与捕获（STC）理论：如何解释远距离加强（dopamine involvement）
- 或课程脊柱 5（认知控制）：前额叶 D1/D2 受体对工作记忆维持的差异性调制

---

## Git 操作

- 本次仅提交此运行日志（append-only）
- 不新增文章、不修改 wiki、不修改状态文件
- branch: main
- remote: QIUYicong/neuro-daily-essays
