# 诊断日志 · 2026-07-13（dup2，本真实日历日第2次触发）

**执行时间**：`date -u` = 2026-07-12 20:00:52 UTC（UTC+8 = 2026-07-13 04:00:52 CST）。

## 核实结果

1. **触发间隔**：距上一次触发（dup1，commit `5bc3d65`，提交时间 2026-07-12T19:04:34Z）约 56 分钟，再次确认调度器仍以近乎每小时的频率触发，而非预期的每日一次 09:00 Asia/Shanghai（Issue #1 决策点4，第12天仍未解决）。
2. **`main` 分支状态**：`git fetch origin main` 核实 `origin/main` HEAD 与本地 HEAD 均为 `5bc3d65877fd8457753911688ec97c0d4fc0e262`，完全一致，无需 fast-forward。
3. **"今日"（真实 2026-07-13）文章位置**：`neuro-daily/articles/2026-07-13-predictive-coding-free-energy-vae.md`（历史日期漂移遗留的文章 #81）仍然存在，状态与 dup1 核实时相同，未变化。
4. **遵循 Issue #1 暂停写作指令不变**：Issue #1（open，仍为 26 条评论，`updated_at=2026-07-11T19:20:13Z`，至今无人工回复，第12天）第4条建议在人工决定修复方向前暂停自动写作新文章；今日位置已有内容，无需补写。本次**不生成新文章、不做任何 wiki 固结、不修改任何既有文件**。
5. **通知节流判断**：上一次实际发送的 PushNotification 仍对应更早的提交（约 2026-07-12T17:00 UTC 前后，dup1 记录距其约1小时59分钟）。距今（20:00:52 UTC）约2小时59分钟，仍远低于24小时节流阈值；且 Issue #1 状态相对上次核实完全未变，无新的、需要仓库所有者立即决策的信息。**本次不发送 PushNotification，不追加 Issue 评论**。

## 本次处理

- 未生成新文章、未做任何 wiki 固结、未修改任何既有文件（append-only 不变量保持，仅本诊断日志为新增文件）。
- 未对 main 做任何同步操作：核实后 main 本就与远端一致。
- 未在 Issue #1 追加评论：状态无实质性新变化，不构成续报条件。
- 未发送 PushNotification：距上次发送约2小时59分钟，远低于24小时节流阈值，无新决策点。

## 待人工决定事项（重申，见 Issue #1，均未解决）

1. 两条历史时间线（真实线性 vs 虚构预写至 2026-10-21）如何取舍。
2. 是否需要重写 `main` 历史（破坏性操作，例程不会自主执行）。
3. 修复调度器触发频率（应为每日一次 09:00 Asia/Shanghai，实际近乎每小时触发，第12天仍未解决）。

---

## Git 操作

- 分支：`main`（单分支累积方案，无需同步，本地与远端已一致）
- 本次提交内容：仅此诊断日志（append-only，未修改任何既有文件）
- 无文章、无笔记、无来源、无 wiki、无 state 变更
