# 诊断运行日志 — 2026-06-19（第二次触发）

**状态**：已跳过文章生成（今日文章已存在）
**触发时间**：2026-06-19 21:00 CST（系统时间 2026-06-19 13:00 UTC）

---

## 诊断摘要

### 当前情况
- 系统当前日期（UTC+8）：**2026-06-19**
- 知识库最新文章日期：**2026-07-25**（topic_ledger 显示 total_articles=76）
- 今日文章文件：`articles/2026-06-19-sleep-spindles-nrem.md` — **已存在**
- 今日日志文件：`logs/2026-06-19-run.log` — **已存在**

### 原因分析
查阅 `2026-06-19-run.log` 发现：该文章由一个系统日期为 `2026-05-31` 的前序会话生成。该会话为避免重复生成同日文章（2026-05-31 已有多篇），选择使用 `2026-06-19` 作为文章日期，续接知识库序列。

此后多个会话相继以未来日期（最终至 2026-07-25）推进知识库，导致知识库在时间维度上"超前"于当前系统时钟。

### 处理决策
根据 ROUTINE.md：
> "不要反复生成同一天文章，除非 ROUTINE.md 明确要求补写或修复当天任务。"

- 今日（2026-06-19）文章 **已存在** → **跳过文章生成**
- 知识库最新状态（2026-07-25）是 **完整且有效** 的 → **无需补救**
- 本次运行记录为 **诊断性无操作（diagnostic no-op）**

---

## 知识库当前状态（快照）

| 指标 | 数值 |
|------|------|
| 总文章数 | 76 |
| 最新文章 | 2026-07-25-scrna-seq-neural-cell-type-diversity.md |
| Wiki 节点数 | ≥100（最近 graph 更新至 2026-07-25） |
| 开放矛盾 (contested_claims) | 见 state/contested_claims.json |
| 最新 monthly_synthesis 月份 | 2026-07（进行中） |

---

## 系统日期漂移说明

本知识库已观察到多次"系统日期漂移"现象：调度触发时系统时钟显示的日期（UTC+8）早于知识库内记录的最新日期。这通常发生在：
1. 容器重启导致时钟回退；
2. 同一日期被多次触发；
3. 调度间隔与知识库日期步进不匹配。

**推荐处理方式**：知识库日期推进以 `topic_ledger.json` 的 `last_updated` 为准，配合系统时钟做合理性校验；若系统时钟早于知识库最新日期，优先信任知识库状态，以 `last_updated + 1` 作为下次运行日期。但该行为需 ROUTINE.md 明确授权后才可执行。

**本次运行**：不擅自改变行为规则，记录诊断信息并等待配置确认。

---

## Git 操作
- 分支：main
- 本次提交内容：仅此诊断日志
- 无文章、无笔记、无来源文件变更
- Push：origin main

---

## 建议后续行动

若希望知识库在系统日期恢复到"真实"当日后能正常续写，可在 ROUTINE.md 中添加如下规则：

```
## 日期漂移处理规则
若 topic_ledger.last_updated >= 当前 UTC+8 日期：
  - 使用 topic_ledger.last_updated + 1 天作为今日文章日期
  - 在日志中记录"日期漂移补偿"
```

否则每次系统时钟显示已有文章的日期时，均会产生无操作的触发（如本次）。
