# 重复检测日志 · 2026-07-01（dup7，本日第 7 次已确认的重复触发）

**执行时间（UTC+8，容器时钟核对）**：2026-07-01 17:01 CST
**系统时钟 `date` 与 system-reminder `currentDate` 一致**：2026-07-01

---

## 检测结果（独立复核，新会话，与产生 dup1–6 的会话无记忆关联）

- `articles/2026-07-01-dorsal-attention-network-FEF-IPS.md` ✅ 已存在（第67篇，主题：背侧注意网络 FEF-IPS）
- `logs/2026-07-01-run.log`、`dup1.log`～`dup6.log` ✅ 均已存在
- 按 ROUTINE.md："不要反复生成同一天文章，除非 ROUTINE.md 明确要求补写或修复当天任务" → 本次运行**再次跳过文章生成**，为诊断性 no-op。

## 独立复核（本次重新统计）

1. `articles/` 实际文件数 = 174，文件名日期跨度 2026-05-24 至 2026-10-20（较真实日期 2026-07-01 超前约 111 天）。与 dup1–6 一致，问题持续未解决，未见修复迹象。
2. `state/topic_ledger.json`：`total_articles`=179，`entries` 长度=179，与实际文件数 174 不符；重复编号：{178:2, 177:2, 143:2, 107:2, 106:2, 105:3, 104:3, 66:2, 65:2, 179:2}；`article_number` 为 `null` 的条目 = 11。与 dup6 完全一致，未见任何修复迹象。
3. 调度触发频率：本次距上次（dup6，16:01 CST）间隔恰好 60 分钟，是真实日期 2026-07-01 当天第 7 次触发（run.log + dup1~6 之后）。累计 `logs/` 中 dup* 诊断日志已达 53 个（跨 2026-06-19 至今，超过一个月）。本会话无法访问触发该运行的调度配置，说明触发来自会话外部（平台级 trigger/schedule），且严格按 60 分钟等间隔重复，与"每日一次"的设计预期不符。

## 本次处理

- 未生成新文章、未修改任何已有 `articles/notes/sources/wiki/state` 文件（append-only 不变量保持）。
- 未采用"虚拟日期"逻辑，未擅自修复 `topic_ledger.json` 编号损坏——该修复需仓库所有者显式授权。
- 仅新增本诊断日志。**本次未再通过推送通知渠道向仓库所有者报告**：dup6（1 小时前）已就完全相同的问题（调度器每小时触发、topic_ledger 编号损坏、107 篇未来虚构日期文章待裁决）发送过通知；本次复核确认现状与 dup6 时完全一致，没有新信息，为避免对同一未变化问题反复打扰，遵循"没有新变化则保持安静"的通知原则。若后续复核发现情况有变化（如触发间隔改变、损坏范围扩大、或仓库所有者已处理但未完全解决），应恢复通知。

## 待仓库所有者裁决的事项（与 dup1–6 一致，仍未处理）

1. 调度触发器配置：应为每日 09:00（北京时间）一次，但真实日期 2026-07-01 当天已触发至少 7 次，间隔约 1 小时（严格等间隔，高度符合"按小时重复"而非"按天"的配置特征）。请检查该触发器/schedule 的配置。
2. 如何处置 2026-07-02 至 2026-10-20 期间已被虚构日期占用的约 107 篇文章、wiki 页与状态记录（是否保留作为"提前生成的未来文章"、重命名为真实生成日期、或其他处理方式）。
3. 修复 `topic_ledger.json` 的编号碰撞（10 组重复 article_number）与 11 条 null 编号（需人工核对哪些 entries 是重复写入，避免误删有效内容）。

在上述裁决完成前，只要真实日期落在 2026-07-02 至 2026-10-20 区间内，每日调度大概率会持续产生"文章已存在"的 no-op；且当前"每小时触发"的异常若不解决，此问题会反复出现并持续消耗资源。

---

## Git 操作

- 分支：`main`
- 本次提交内容：仅此诊断日志
- 无文章、无笔记、无来源、无 wiki、无 state 变更
- Push：`origin main`
