# 运行日志 — 2026-06-27

## 执行时间
- UTC+8：2026-06-27 10:00 CST
- 分支：main

## 选题过程
- 读取 topic_ledger（末项：#176，2026-10-16，Homer1a/Arc分子机制）
- 图谱分析：dangling refs = 5（sharp-wave-ripple, parallel-fiber, STDP, attention, multiple-sclerosis）
- 高连接低置信节点：predictive-coding（57 edges）, global-workspace-theory（26）, emotional-memory-depotentiation（medium）
- next_suggested_topics（#176末尾）建议：REM情绪记忆（第8篇）
- 选题决策：REM睡眠与情绪记忆重构（#177）——自然延续睡眠系列，层级从分子→行为，填补emotional-memory-depotentiation低置信缺口

## 文献检索
### 搜索词
- "REM sleep emotional memory consolidation" → PMID:24395522, 29395984, 22811426, 40875205, 27174984, 25894546, 38714199...
- "van der Helm Walker REM sleep amygdala emotional" → PMID:22119526
- "Goldstein Walker role sleep emotional brain" → PMID:24499013
- "REM sleep fear extinction amygdala hippocampus prefrontal" → (有效结果有限)
- "sleep to forget sleep to remember overnight therapy 2009" → PMID:19702380
- "REM sleep locus coeruleus noradrenaline memory" → PMID:28100730, 21261452

### 候选来源（共9条）
采用（全文3条 + 摘要6条）：
- PMID:22119526（PMC3237718）：van der Helm 2011，fMRI，开放全文 ✅
- PMID:24499013（PMC4286245）：Goldstein & Walker 2014，综述，开放全文 ✅
- PMID:38714199（PMC11111341）：Hong et al. 2024，光遗传，开放全文 ✅
- PMID:19702380：Walker & van der Helm 2009，综述，摘要 ❌
- PMID:27174984：Boyce et al. 2016，Science，摘要 ❌
- PMID:25894546：Pace-Schott 2015，综述，摘要 ❌
- PMID:26483709：Hutchison & Rathore 2015，Front Psychol，摘要 ❌
- PMID:25894359：Brownlow 2015，综述，摘要 ❌
- PMID:28100730（PMC6596760）：Sara 2017，开放全文（辅助）✅

排除：无（所有来源有效，未发现盗版/付费绕过）

## 文章生成
- 文件：articles/2026-06-27-rem-sleep-il-cortex-fear-extinction-memory.md
- 长度：约4800字
- 字数达标：是（>3000字）
- 开放全文来源≥2：是（3条）
- 官方机构来源：PMC（NIH）× 3

## 固结步骤（wiki更新）
- 新创建页面：0
- 修订页面：3
  - wiki/concepts/rem-sleep.md（rev2→rev3）
  - wiki/concepts/emotional-memory-depotentiation.md（rev1→rev2，status:emerging→mainstream）
  - wiki/concepts/fear-extinction.md（rev8→rev9）
- 成熟度变化：emotional-memory-depotentiation: emerging → mainstream
- 图谱新边：4条（rem-sleep→vmPFC, emotional-memory-depotentiation→vmPFC, emotional-memory-depotentiation→ptsd, fear-extinction→rem-sleep）
- 矛盾登记：0条

## 治理层更新
- topic_ledger.json：追加#177条目（总165条）
- unresolved_questions.md：追加Q-il-rem-01, Q-il-rem-02
- source_registry.json：新增2条（PMID:38714199, PMID:24499013）
- monthly_synthesis.md：追加2026-06-27摘要
- maturity_index.json：emotional-memory-depotentiation更新

## 失败与限制
- PMID:19702380（Walker 2009）：未能获取全文（Psychological Bulletin订阅墙），仅用摘要，已在文章中标注
- PMID:27174984（Boyce 2016）：未能获取全文（Science订阅墙），仅用摘要，已在文章中标注
- Boyce 2016 PMC搜索未发现对应PMC号，可能无开放版本

## Git操作
