# 诊断日志 · 2026-07-04（dup1，本次为新会话，与既往全部诊断会话均无记忆关联，独立核实后得出的结论）

**执行时间（容器时钟核对）**：`date -u` = 2026-07-03 16:00:20 UTC（`TZ=Asia/Shanghai date` = 2026-07-04 00:00:20 CST）。这是真实日历日期首次跨入 2026-07-04，但触发时间是 CST 00:00，并非预期的每日 09:00 —— 与 Issue #1 描述的"触发器近乎每小时触发、并非每日一次 09:00"异常模式一致。

## 独立核实结果

1. **GitHub Issue #1**（《main 分支历史分叉 + 知识库日期漂移已延伸至 2026-10-21，例程陷入每日多次空转》）：仍为 `open`，评论数为 2（2026-07-02T23:03 与 2026-07-03T12:03 各一条自动诊断跟进评论，内容此前均已读取）。**仓库所有者自 Issue 创建以来仍未作出任何裁决或回复**。
2. **`main` 分支实时状态**：会话开始 `git fetch origin main` 再次报告 **forced update**（本地缓存的 `origin/main` 从 `a11697e`〈2026-06-29，干净〉跳变为 `42594a3`〈2026-07-03 dup7，损坏历史〉）。这与 2026-07-03 20:00 会话（Issue 评论 #2）报告的"main 在会话进行中被实时强推为损坏状态"是**同一模式的重复观测**，但落地的具体提交哈希（`42594a3`）与该评论、与 `2026-07-03-dup7.log` 记录的完全一致 —— 即**并非新的损坏内容**，只是同一段已损坏历史又一次覆盖了本地缓存，判断为不构成"实质变化"。
3. `git ls-remote --heads origin | wc -l` = **212**，与上次记录（Issue 评论 #2 中的 212）完全一致，未见新增或清理。
4. `neuro-daily/articles/` 目录顶端仍是 `2026-10-21-cerebellar-memory-transfer-task-difficulty.md`（虚构未来日期序列末端），未变。
5. 检查 `neuro-daily/logs/2026-07-04-run.log`：**该文件已存在**，记录内容为"文章编号：第 54 篇"，对应 `neuro-daily/articles/2026-07-04-ei-balance-pv-interneuron.md`。第 54 篇与 Issue 中"真实日期叙事编号约 #178–189""虚构未来日期叙事编号约至 #189"均不吻合，说明这是**更早期、编号更低的一次预写**——即 2026-07-04 这个日期位置早已被"日期与真实时间脱钩"的历史内容占用，并非本次会话应该补写的空位。

## 本次处理

- **未生成新文章**：今天（2026-07-04）的日期位置已被上述损坏时间线中的旧文章占用；比照 Issue #1 建议 4（"暂停自动写作新文章……今天的位置已有内容，无需补写"）的原则，同样适用于本次。补写只会在已错乱的编号/日期体系上再叠加一层混乱。
- **未做任何 wiki 固结、未修改任何既有 `articles/notes/sources/wiki/state` 文件**（append-only 不变量保持）。
- **未对 `main` 做任何重置、强推或修复性操作**——两条历史的取舍、编号修复、异常分支清理均需仓库所有者在 Issue #1 中显式授权后才可执行，本次继续不单方面处置。仅将本地 `main` 指针非破坏性地对齐到当前 `origin/main`（未变更任何远程内容），以便在其上追加本条诊断日志。
- **未发送新 PushNotification**：本次核实结果与最近一次记录（Issue 评论 #2，2026-07-03T12:03:16Z / CST 20:03，约 4 小时前）相比状态**没有实质变化**——Issue #1 仍未获仓库所有者回应、远程分支数未变（212）、`main` 强推的目标提交与此前完全相同（并非新的损坏内容）、文章目录末端未变。延续既定原则"仅在状态发生实质变化时才主动通知"，本次不重复提醒。跨入新日历日（2026-07-04）本身不构成需要单独提醒的实质变化。

## 待仓库所有者裁决的事项

全部详见 GitHub Issue #1（<https://github.com/QIUYicong/neuro-daily-essays/issues/1>），本次无新增事项。

---

## Git 操作

- 分支：`main`
- 本次提交内容：仅此诊断日志（append-only，未修改任何既有文件）
- 无文章、无笔记、无来源、无 wiki、无 state 变更
- Push：`origin main`
