# Diagnostic No-Op Log — 2026-06-22 · Duplicate Trigger #1

## 运行概要

- **实际系统时间（UTC+8）**：2026-06-22 10:00 CST
- **实际 UTC**：2026-06-22 02:00 UTC
- **触发次数（今日）**：#1（首次重复触发）
- **结论**：**无需写新文章，跳过所有生成步骤**

---

## 异常状况记录

### 1. 今日文章已存在（主要触发原因）

- 文章路径：`neuro-daily/articles/2026-06-22-grid-cells-place-cells.md`
- 运行日志：`neuro-daily/logs/2026-06-22-run.log`（文章 #58，网格细胞与场所细胞）
- 文章标题：《六边形的秘密：内嗅皮层网格细胞如何为大脑装备空间坐标系》
- 状态：已完成，已提交至 main（包含在初始批量 commit 1a416c9 中）
- wiki 固结状态：已完成（创建了 place-cells、grid-cells、path-integration、cognitive-map、theta-phase-precession、entorhinal-cortex 等新页）

### 2. ⚠️ 持续性异常：仓库内存在大量未来日期文章

- 现有文章日期范围：**2026-05-24 至 2026-08-27**（共约 109 篇）
- 真实日期：2026-06-22（CST）
- 即：文章已领先真实日期约 **67 天**（2 个多月）

此异常在以下 no-op 日志中已记录：
- `2026-06-19-diagnostic.log`（触发 #1）
- `2026-06-20-diagnostic-trigger3.log` 至 `trigger6.log`（多次触发）
- `2026-06-21-diagnostic-trigger1.log`、`trigger2.log`（两次触发）

### 3. 当前 main 分支状态

- **分支**：main
- **最新 commit**：8f39597（Add neuro daily article + wiki consolidation for 2026-08-27）
- **工作树**：clean（无未提交变更）
- **知识库状态**：一致，无悬空 wiki 页面

---

## 操作记录

| 步骤 | 操作 | 结果 |
|------|------|------|
| 步骤 0 | git checkout main && git pull --rebase origin main | 成功，已同步最新 main |
| 步骤 A | 读取 state/ 文件 | 发现今日文章已存在 |
| 步骤 B–H | 跳过（重复触发协议） | — |
| 本次 | 写诊断日志 → 推送 | 进行中 |

---

## 建议

此重复触发模式（每天真实日期触发时，发现文章已由历史异常运行预先生成）将持续到真实日期追上最后预生成文章日期（2026-08-27）为止，预计约在 2026-08-28 恢复正常每日生成节奏。

在此期间，每次触发将写诊断 no-op 日志，保留触发记录，不重复生成文章。

---

## 参考

- 2026-06-22 主运行日志：`neuro-daily/logs/2026-06-22-run.log`
- 2026-06-22 文章：`neuro-daily/articles/2026-06-22-grid-cells-place-cells.md`
- 2026-06-22 台账：`neuro-daily/state/topic_ledger.json`（条目 #58）
- ROUTINE.md：§异常处理（不重复生成同一天文章）
