# 诊断日志 · 2026-07-13（dup1，新会话，本真实日历日首次触发）

**执行时间**：`date -u` = 2026-07-12 19:00:32 UTC（UTC+8 = 2026-07-13 03:00:32 CST）。

## 核实结果

1. **触发时间点异常**：本次触发发生于真实 CST 凌晨 03:00，并非例程预期的每日 09:00 Asia/Shanghai 窗口。这是继 2026-07-02 至 2026-07-12 期间反复记录的"近乎每小时触发"模式（见 Issue #1）之后，本会话观察到的又一次非计划触发，说明调度器频率问题（Issue #1 问题三）截至目前仍未被修复。
2. **`main` 分支状态**：`git checkout main && git pull origin main` 显示已是最新；随后独立 `git fetch origin main` 核实 `origin/main` HEAD 与本地 HEAD 均为 `f25c9529df2595eef7cb5cda9b3169e166d7499b`，完全一致，无需 fast-forward。
3. **"今日"（真实 2026-07-13）文章位置已有内容**：`neuro-daily/articles/2026-07-13-predictive-coding-free-energy-vae.md`（对应 `neuro-daily/logs/2026-07-13-run.log`，文章 #81：预测编码×自由能原理×VAE）已存在且看起来固结完整（wiki 新建/修订页、图谱更新、状态文件更新、commit/push 记录齐全）。但根据 Issue #1 的根因分析，该文件属于"知识库虚构未来日期"历史分支的产物——它在真实时间远早于 2026-07-13 时就已按"知识库连续性日期"而非"容器系统时钟真实日期"写入，与本次会话核实到的真实 UTC+8 日期（2026-07-13）在数值上巧合相同，但并非今天真实撰写。
4. **遵循 Issue #1 的明确暂停指令**：Issue #1（open，26 条评论，`updated_at=2026-07-11T19:20:13Z`，至今无所有者回复，第 12 天）第4条建议"在人工决定修复方向前，例程应暂停自动写作新文章；若当天位置已有内容，无需补写"。今日（2026-07-13）位置已有内容，故**本次不生成新文章、不做任何 wiki 固结、不修改任何既有文件**（`articles/notes/sources/wiki/state` 全部保持 append-only）。
5. **通知节流判断**：上一次实际发送的 PushNotification 对应提交 `c5e57e1`（dup15，2026-07-12T17:01:59Z 提交，通知本身略早于此）。距今约 1 小时 59 分钟，远低于既定 24 小时节流阈值；且 Issue #1 状态（26 条评论、无新回复）相对上次发送时完全未变，无新的、需要仓库所有者立即决策的信息。**本次不发送 PushNotification，不追加 Issue 评论**，延续既定节流策略，避免刷屏。

## 本次处理

- **未生成新文章**：今日（2026-07-13）位置已有内容（虽为历史漂移遗留），依 Issue #1 指令不补写。
- **未做任何 wiki 固结、未修改任何既有文件**（append-only 不变量保持，仅本诊断日志为新增文件）。
- **未对 main 做任何同步操作**：核实后 main 本就与远端一致，无 fast-forward 必要。
- **未在 Issue #1 追加评论**：状态无实质性新变化，不构成续报条件。
- **未发送 PushNotification**：距上次发送约 2 小时，远低于 24 小时节流阈值，无新决策点。

## 待人工决定事项（重申，见 Issue #1）

1. 两条历史时间线（真实线性 vs 虚构预写至 2026-10-21）如何取舍。
2. 是否需要重写 `main` 历史（破坏性操作，例程不会自主执行）。
3. 修复调度器触发频率（应为每日一次 09:00 Asia/Shanghai，实际近乎每小时触发）。

---

## Git 操作

- 分支：`main`（单分支累积方案，无需同步，本地与远端已一致）
- 本次提交内容：仅此诊断日志（append-only，未修改任何既有文件）
- 无文章、无笔记、无来源、无 wiki、无 state 变更
