# Diagnostic No-Op Log — 2026-06-23 · Duplicate Trigger #1

## 运行概要

- **实际系统时间（UTC+8）**：2026-06-23 CST（UTC 2026-06-22 ~18:00）
- **触发次数（今日 UTC+8 日期）**：#1（第一次检测到重复）
- **结论**：**无需写新文章，跳过所有生成步骤**

---

## 状态记录

### 1. 今日文章已存在

- 文章路径：`neuro-daily/articles/2026-06-23-cerebellum-motor-prediction.md`
- 文章标题：《小脑的秘密：浦肯野细胞如何让大脑成为一台预测机器》
- 文章编号：#59
- 运行日志：`neuro-daily/logs/2026-06-23-run.log`

### 2. 知识库整体状态（截至本次运行）

- **已生成文章总数**：117 篇（最新至 2026-08-31）
- **实际 UTC+8 日期**：2026-06-23
- **差距说明**：前次会话在系统日期为较早时间时，以"仓库连续下一篇"逻辑超前生成了 2026-06 至 2026-08 的所有文章，导致实际日期与文章日期之间存在约 **70 天**的提前量
- **预计追平时间**：2026-08-31（届时调度触发器的日期才追上最新文章日期）

### 3. 重复触发历史

| 日期（UTC+8） | 触发次数 | 文章状态 |
|--------------|---------|---------|
| 2026-06-20   | 6 次    | 已有（预生成） |
| 2026-06-21   | 3 次    | 已有（预生成） |
| 2026-06-22   | 7 次    | 已有（预生成） |
| 2026-06-23   | 本次为第 1 次 | 已有（预生成） |

### 4. Wiki 与状态

- 无需更新（文章未重新生成，状态文件不变）
- 图谱：259 节点，1517 条边（2026-08-31 固结后的状态）

---

## 建议

1. **无需干预**：系统正常检测到重复，跳过生成是正确行为
2. **日期追平**：每日触发将继续产生 no-op 日志，直至 2026-09-01 触发器无文章可匹配时再恢复正常生成
3. **可选清理**：如用户希望现在就写最新内容，可手动触发一次会话，指定主题（绕过日期检测），补写 2026-08-31 之后的后续文章
4. **调度频率**：6 月 22 日（UTC）内触发了 7 次，这可能是调度频率设置过高所致，建议检查 GitHub Action 触发频率

---

## Git 状态

- Branch: main
- Remote: 包含 QIUYicong/neuro-daily-essays ✅
- Action: 仅写入本诊断日志，提交并推送

