# Diagnostic No-Op Log — 2026-06-23 · Duplicate Trigger #2

## 运行概要

- **实际系统时间（UTC+8）**：2026-06-23 CST（UTC 2026-06-23 ~05:00）
- **触发次数（今日 UTC+8 日期）**：#2（第二次检测到重复）
- **结论**：**无需写新文章，跳过所有生成步骤**

---

## 状态记录

### 1. 今日文章已存在

- 文章路径：`neuro-daily/articles/2026-06-23-cerebellum-motor-prediction.md`
- 文章标题：《小脑的秘密：浦肯野细胞如何让大脑成为一台预测机器》
- 文章编号：#59
- 运行日志：`neuro-daily/logs/2026-06-23-run.log`

### 2. 知识库整体状态（截至本次运行）

- **已生成文章总数**：136 篇（最新至 2026-09-06，文章 #136）
- **实际 UTC+8 日期**：2026-06-23
- **差距说明**：前次会话以"仓库连续下一篇"逻辑超前生成了 2026-06 至 2026-09 的文章，导致实际日期与文章日期之间存在约 **75 天**的提前量
- **预计追平时间**：2026-09-07（届时调度触发器的日期才追上最新文章日期，届时将恢复正常生成）
- **最新文章**：2026-09-06-tcm-neural-basis-mec-ca2-temporal-scaffold.md（#136，大脑的内部时间轴：MEC漂移细胞×CA2时间偏好×颞氨通路如何共同撑起时间情境模型）

### 3. 重复触发历史（今日 2026-06-23 UTC+8）

| 触发次数 | 日志文件 | 状态 |
|---------|---------|------|
| #1 | 2026-06-23-diagnostic-trigger1.log | 已提交 |
| #2 | 2026-06-23-diagnostic-trigger2.log | 本次 |

### 4. 知识库图谱状态（来自 2026-09-06 运行日志）

- 节点：270 个
- 边：1586 条
- Wiki 页面域分布：neurons / circuits / concepts / systems / methods / theories / diseases

### 5. 最新 Wiki 更新（2026-09-06 固结后）

- 修订：`concepts/temporal-context-model.md`（rev2）、`concepts/time-cells.md`（rev3）、`systems/entorhinal-cortex.md`（rev4）
- 新增边：temporal-context-model ↔ ca2-hippocampus、entorhinal-cortex → temporal-context-model 等 6 条

---

## 无需干预

1. **本次运行**：系统正常检测到重复，跳过所有生成步骤是正确行为
2. **日期追平**：每日触发将继续产生 no-op 日志，直至 **2026-09-07** 触发器无文章可匹配时再恢复正常生成（届时将写文章 #137）
3. **下一篇预计主题**：根据 2026-09-06 日志的 next_suggested_topics，可选方向：
   - 注意回路的精细解剖：FEF→V4→V1的自上而下注意通路与偏置竞争的神经基底
   - 多区域价值比较：OFC、ACC、DLPFC如何整合经规范化的价值信号做出选择
   - 感觉适应与短时程突触抑制：适应作为动态规范化的时间维度扩展

---

## Git 状态

- Branch: main
- Remote: http://local_proxy@127.0.0.1:41757/git/QIUYicong/neuro-daily-essays（包含 QIUYicong/neuro-daily-essays ✅）
- Action: 仅写入本诊断日志，提交并推送

---

*日志生成时间：2026-06-23 UTC+8*
