# Diagnostic No-Op Log — 2026-06-22 · Duplicate Trigger #2

## 运行概要

- **实际系统日期（UTC+8）**：2026-06-22
- **触发次数（今日）**：#2（第二次重复触发）
- **结论**：**无需写新文章，跳过所有生成步骤**

---

## 状态确认

### 今日文章状态：已完成 ✅

- **文章编号**：#58
- **文章路径**：`neuro-daily/articles/2026-06-22-grid-cells-place-cells.md`
- **文章标题**：《六边形的秘密：内嗅皮层网格细胞如何为大脑装备空间坐标系》
- **核心问题**：内嗅皮层网格细胞 × 海马场所细胞如何协作构建大脑内置 GPS
- **主运行日志**：`neuro-daily/logs/2026-06-22-run.log`

### Wiki 固结状态：已完成 ✅

今日已创建的 wiki 页面（原始运行时）：
- `wiki/concepts/place-cells.md`（场所细胞，mechanism，established）
- `wiki/concepts/grid-cells.md`（网格细胞，mechanism，established）
- `wiki/concepts/path-integration.md`（路径整合，mechanism，mainstream）
- `wiki/concepts/cognitive-map.md`（认知地图，theory，mainstream）
- `wiki/concepts/theta-phase-precession.md`（θ 相位前进，mechanism，mainstream）
- `wiki/systems/entorhinal-cortex.md`（内嗅皮层，region，established）

今日修订的 wiki 页面：
- `wiki/concepts/theta-oscillations.md`（修正悬空引用，rev3）
- `wiki/concepts/sharp-wave-ripples.md`（修正悬空引用，rev5）

### 图谱状态：已更新 ✅

- 节点数：100 个
- 边数：559 条
- 已登记争议：C-2026-06-22-01（人类 fMRI 网格信号争议，status=open）

### 仓库分支状态

- **当前分支**：main（已与 origin/main 对齐，git reset --hard origin/main）
- **HEAD commit**：d6cfdcd（Diagnostic no-op log: 2026-06-22 duplicate trigger #1）
- **工作树**：新建本文件（唯一变更）

---

## 异常说明（持续性）

仓库内文章日期范围为 2026-05-24 至 2026-08-27（约 124 篇），
而真实日期为 2026-06-22，文章已领先真实日期约 67 天。

此异常由历史会话调度错误（使用未来日期写作）造成，详见：
- `neuro-daily/logs/2026-06-22-diagnostic-trigger1.log`

预计到 2026-08-28 后恢复正常生成节奏。在此期间，每次真实日期触发将写诊断 no-op 日志。

---

## 操作记录

| 步骤 | 操作 | 结果 |
|------|------|------|
| 步骤 0 | git checkout main && git reset --hard origin/main | 成功，已对齐 origin/main |
| 步骤 A | 读取 state/、logs/ | 确认今日文章与 wiki 已完成 |
| 步骤 B–H | 跳过（重复触发协议） | — |
| 本次 | 写诊断 no-op 日志 | 当前文件 |
| 后续 | git add + commit + push origin main | 待执行 |

---

## 参考

- 主运行日志：`neuro-daily/logs/2026-06-22-run.log`
- 诊断日志 #1：`neuro-daily/logs/2026-06-22-diagnostic-trigger1.log`
- 今日文章：`neuro-daily/articles/2026-06-22-grid-cells-place-cells.md`
- ROUTINE.md §G 异常处理：不重复生成同一天文章
