# 诊断日志 · 2026-06-24 · 重复触发 #4（文章已存在）

## 基本信息

- **日期（UTC+8）**：2026-06-24
- **运行时间（UTC）**：2026-06-24 ~07:02 UTC
- **北京时间**：2026-06-24 ~15:02 CST
- **分支**：main（git pull --rebase origin/main 成功，HEAD=876aee1）
- **模式**：重复触发检测

---

## 检测结论

今日（北京时间 2026-06-24）文章已存在，此次为重复触发 #4，**不执行文章生成**。

**已存在文章**：`neuro-daily/articles/2026-06-24-hippocampal-ca3-pattern-completion.md`（文章 #60，海马 CA3 模式补全）

**已存在日志**：
- `neuro-daily/logs/2026-06-24-run.log`（原始完整运行记录）
- `neuro-daily/logs/2026-06-24-diagnostic-trigger1.log`（重复触发 #1 诊断日志）
- `neuro-daily/logs/2026-06-24-diagnostic-trigger2.log`（重复触发 #2 诊断日志）
- `neuro-daily/logs/2026-06-24-diagnostic-trigger3.log`（重复触发 #3 诊断日志）

---

## 仓库当前状态

- 分支：main
- HEAD：876aee1（"Add neuro daily article + wiki consolidation for 2026-09-12"）
- 系统时钟日期：2026-06-24（UTC+8）
- 知识库最新文章日期：2026-09-12（文章 #142，液-液相分离与突触后致密区）
- 知识库日期与系统时钟偏差：约 **80 天**（日期漂移 runaway 持续中）

---

## 异常状况汇总（供用户审查）

诊断触发 #1 已记录此问题完整分析，以下为摘要更新。

### 问题根因

部分运行会话从 `topic_ledger.json` 读取最后文章日期并 +1 作为"今日日期"，
而非使用系统时钟 `date` 命令，导致知识库日期出现连锁式漂移（日期 runaway）。

### 当前影响范围

- 文章 #61–#142（知识库日期 2026-06-25 ~ 2026-09-12）在系统日期 2026-06-20 ~ 2026-06-24 期间生成
- 文章本身内容质量正常（基于真实文献检索），日期标注与实际生成日期不符
- 系统上下文仍卡在 2026-06-24，漂移问题持续未解决
- 今日触发次数累计至 #4（昨日 2026-06-23 共触发 5 次，前日 2026-06-22 触发至少 8 次）

### 建议用户采取的行动

**短期**（最高优先级）：
- 查阅 `neuro-daily/logs/2026-06-24-diagnostic-trigger1.log` 了解详细根因分析
- **核心问题**：调度触发器注入的 `currentDate` 是否反映真实系统时钟？
- 决定知识库内容处理策略（保留现状 / 重建索引 / 其他）

**长期（防止复发）**：
1. 确认调度触发器的 `currentDate` 注入逻辑，确保提供真实系统时钟日期
2. 在 `ROUTINE.md` 明确规定：日期只能来自 `TZ=Asia/Shanghai date` 命令，禁止从 topic_ledger 推断
3. 每日运行开始时，若系统日期与 topic_ledger 最后日期偏差 > 7 天，暂停并报告

---

## 本次操作

- 文章生成：**跳过**（2026-06-24 文章已存在）
- wiki 更新：**跳过**（无新内容）
- 状态更新：**跳过**
- 本次仅创建此诊断日志文件

## Commit 信息

`Diagnostic no-op log: 2026-06-24 duplicate trigger #4 (article already exists)`
