# 运行日志 · 2026-06-14

**文章编号**：#187  
**标题**：三系统动态协奏：基底神经节、小脑与运动皮层如何联合把笨拙变成流畅  
**Slug**：skill-learning-three-systems-bg-cerebellum-cortex  
**运行时间**：UTC+8 2026-06-14（约 02:00）  
**UTC实际时间**：2026-06-13 18:00（注：UTC+8 已过午夜，为6月14日）

---

## 状态读取

- topic_ledger.json：total_articles=186，last_entry=#186（小脑分布式可塑性，MLI）
- graph_state：367 节点，2124 边（读取时）
- 上一篇建议主题：运动学习整合视角（小脑/BG/运动皮层协调）、贝叶斯感觉整合、情绪与动机、小脑认知功能
- unresolved_questions：Q-cb-06/07/08（小脑），Q-cortstr-01/02，Q-chunk-01/02，Q-bgcb-01（预新增）
- contested_claims：18条，全部open（无需今日裁决）

---

## 选题决策

**选题依据**：
1. 课程脊柱建议：#184-#186 完成运动学习三联体（BG括号化/#185皮质纹状体LTD/#186小脑分布式）——自然衔接"三系统整合视角"
2. topic_ledger #186 next_suggested_topics[0] 明确指向此题
3. 不在近7天内与现有文章重复
4. 层级覆盖：brain-region + whole-brain-network（近期多为 microcircuit/synaptic，可提升）

**最终选题**：运动技能三系统整合视角（BG+小脑+M1协调）

---

## 文献检索

### 搜索词
- "cerebellum basal ganglia motor skill learning coordination"
- "motor learning stages cerebellum striatum review"
- "Bostan Strick cerebellum basal ganglia interconnected"
- "Penhune Steele motor sequence learning parallel"
- "Doyon Benali reorganization plasticity motor skills"
- "Shadmehr Holcomb neural correlates motor memory consolidation"
- "Tsay Krakauer Ivry sensorimotor learning 3R framework 2024"
- "motor skill cerebellum striatum eLife 2026"

### 数据库
- PubMed E-utilities（esearch/esummary/efetch）：主要检索
- PMC Open Access：全文获取（PMC6503669、PMC11293869、PMC13102391、PMC2889518）

### 候选文献（筛选前）
检索返回约 15+ 个 PMID，筛选取最相关 9 篇

### 采用来源（9篇）
| PMID | 来源 | 全文 | 采用原因 |
|------|------|------|---------|
| 29643480 | Bostan & Strick 2018, Nat Rev Neurosci | PMC6503669 开放 | BG-小脑互联解剖核心证据，2018年综述 |
| 20404184 | Bostan et al. 2010, PNAS | PMC2889518 开放 | BG→小脑通路原始解剖+功能证据 |
| 22004979 | Penhune & Steele 2012, Behav Brain Res | 仅摘要 | 三系统并行分工的核心综述 |
| 16107540 | Lehéricy et al. 2005, PNAS | 仅摘要 | 纹状体内部前后轴迁移的纵向fMRI证据 |
| 9242612 | Shadmehr & Holcomb 1997, Science | 仅摘要 | 离线巩固期神经重组经典证据 |
| 12457751 | Doyon et al. 2003, Neuropsychologia | 仅摘要 | 两系统分工框架奠基综述 |
| 15831397 | Doyon & Benali 2005, Curr Opin Neurobiol | 仅摘要 | 两阶段动态模型 |
| 39087986 | Tsay et al. 2024, eLife | PMC11293869 开放 | 3R框架，最新整合视角（2024） |
| 42017796 | Varani et al. 2026, eLife | PMC13102391 开放 | 小脑两条输出通路时间分工，最新2026 |

### 排除来源
- 多项 fMRI 研究（PMID 38670051 等）：OCD/发育障碍相关，不符合主题
- Diedrichsen 2019（PMC6686189）：小脑计算框架，未包含BG整合内容，信息用量不足以纳入
- 多项仅摘要的老旧综述：被质量更高的 Penhune 2012 / Doyon 2009 取代

---

## 文章写作

**字数估计**：约 5200 字  
**文件**：`articles/2026-06-14-skill-learning-three-systems-bg-cerebellum-cortex.md`  
**结构**：引言→背景（两范式）→机制（三系统分层）→关键证据（四项）→比喻→3R框架→争议→影响→AI对照→概念卡片→认知地图更新→参考来源

---

## 固结步骤

### 新建 wiki 页面（1页）
- `wiki/concepts/bg-cerebellum-interaction.md`（rev1）：BG-小脑双突触互联；status=established, confidence=high；主要基于 Bostan 2018/2010 开放全文

### 修订 wiki 页面（1页）
- `wiki/concepts/motor-learning.md`（rev1→rev2）：
  - 扩展为三系统并行框架（增加M1明确角色、分块功能、内部模型）
  - 增加 Lehéricy 2005 纹状体轴向迁移证据
  - 增加 Shadmehr 1997 离线巩固证据
  - 增加 Varani 2026 CN→CL/VAL 通路时间分工
  - 增加 Tsay 2024 3R框架
  - 新增连接至 bg-cerebellum-interaction/striatal-chunking/motor-cortex
  - key_sources 从 5 条扩充至 10 条

### 矛盾检查
- 无新矛盾：今日发现强化并扩展既有知识（motor-learning 既有页已提及BG-小脑互联，今日具体化）
- Varani 2026（CN→CL vs CN→VAL分工）不与既有页面内容冲突（既有只写"两相模型"，今日具体化小脑内部机制）
- 无需新建 contested_claims 条目

### 成熟度评估
- bg-cerebellum-interaction：established（灵长类多物种解剖证据+功能电生理）
- motor-learning（更新后）：保持 established（三系统框架为 mainstream，但整体页面仍 established）

---

## 图谱更新

- 新增节点：1（bg-cerebellum-interaction）
- 新增边：8
- 更新节点：motor-learning（新连接）
- 当前图谱：**368 节点，2132 边**
- wiki/index.md：更新首行状态，新增 bg-cerebellum-interaction 条目，修订 motor-learning 描述
- wiki/CHANGELOG.md：追加 #187 节

---

## 治理层更新

- topic_ledger.json：total_articles 186→187，新增 #187 条目
- unresolved_questions.md：新增 Q-bgcb-01（高优先级）、Q-bgcb-02（中优先级）
- monthly_synthesis.md：追加 #187 摘要（2026年6月进行中，更新至6月14日）
- source_registry.json：本次来源已在 sources/2026-06-14-sources.json 记录

---

## 自检结果

**真实性**：
- [x] wiki 每条新主张有来源（PMID/PMC编号）；Bostan 2018 开放全文直接读取
- [x] 区分了事实/主流模型/推测/争议：Varani 2026 标注"鼠类，新发表，独立重复缺失"；Tsay 2024 标注"框架性综述，待独立验证"；仅摘要来源均明确标注
- [x] 未将单篇/小样本/动物研究写成定论

**一致性**：
- [x] 无新矛盾；既有 motor-learning 页已提及 BG-小脑互联，今日具体化不构成冲突
- [x] 修订页 updated/revision_count/修订历史同步更新
- [x] _graph.json 无悬空边：bg-cerebellum-interaction 的 related 节点（basal-ganglia、cerebellum、motor-learning 等）均已存在

**可导航**：
- [x] index.md 和 CHANGELOG.md 反映今日变化
- [x] 新页 bg-cerebellum-interaction 的 related/prerequisites 各≥1

**情景层完整**：
- [x] 文章/笔记/来源/日志齐全（articles/notes/sources/logs）
- [x] 未修改旧文件（append-only 规则遵守）

---

## 失败与限制

- NINDS/NIH 官方网站：返回 403 或内容不足以作为学术来源；改用 PMC 开放全文补偿
- Penhune & Steele 2012（PMID:22004979）、Lehéricy 2005（PMID:16107540）、Shadmehr 1997（PMID:9242612）、Doyon 2003（PMID:12457751）、Doyon 2005（PMID:15831397）均为仅摘要（付费墙）；已在文章和来源文件中明确标注
- 开放全文来源：Bostan 2018（PMC6503669）、Bostan 2010（PMC2889518）、Tsay 2024（PMC11293869）、Varani 2026（PMC13102391）共4篇
- 无人类层面直接验证 Varani 2026 结论（鼠类旋转棒），文章中已明确标注

---

## Git 操作

**分支**：main  
**计划 commit message**：Add neuro daily article + wiki consolidation for 2026-06-14 (#187 Skill Learning Three Systems)  
**push**：git push origin main

---

*日志由自动化代理生成，2026-06-14 UTC+8*
