# Diagnostic No-Op Log — 2026-06-21 · Duplicate Trigger #2

## 运行概要

- **实际系统时间（UTC+8）**：2026-06-21 21:01 CST
- **实际 UTC**：2026-06-21 13:01 UTC
- **触发次数（今日）**：#2（此次为第二次重复触发）
- **结论**：**无需写新文章，跳过所有生成步骤**

---

## 异常状况记录

### 1. 今日文章已存在（主要触发原因）

- 文章路径：`neuro-daily/articles/2026-06-21-motor-cortex-voluntary-movement.md`
- 运行日志：`neuro-daily/logs/2026-06-21-run.log`（文章 #57，运动皮层）
- 状态：已完成，已推送到 main

### 2. 今日已有"重复触发 #1"日志

- Commit：`9eb5b47`（2026-06-21 12:05 UTC）
- 消息：`Diagnostic no-op log: 2026-06-21 duplicate trigger #1 (article already exists)`

### 3. ⚠️ 严重异常：仓库内存在大量未来日期文章

仓库中存在文章日期范围：**2026-05-24 至 2026-08-19**（共 101 篇）

这些"未来日期"文章（2026-06-22 至 2026-08-19，共 59 篇）全部由 2026-06-21 当日的多次调度触发生成，时间戳均为 2026-06-21（UTC）。

| 触发时间（UTC） | 所写文章日期 | 说明 |
|----------------|------------|------|
| 2026-06-20 23:24 | 2026-08-15 | 未来日期 |
| 2026-06-21 00:23 | 2026-08-16 | 未来日期 |
| 2026-06-21 07:33 | 2026-08-17 | 未来日期 |
| 2026-06-21 08:17 | 2026-08-18 | 未来日期 |
| 2026-06-21 11:30 | 2026-08-19 | 未来日期 |
| 2026-06-21 12:05 | — | 重复触发 #1（no-op） |
| 2026-06-21 13:01 | — | 重复触发 #2（本次，no-op） |

**根本原因推测**：过往某次运行使用了错误的日期逻辑（如沿用了上一篇文章的"下一天"而非真实UTC+8日期），导致日期快速累积至 2026-08-19。此后检测到该日期已有文章，才开始写"当前日期"(2026-06-21)的文章。

### 4. 多次调度触发

今日（2026-06-21）已触发 7+ 次，这本身也是异常。正常应为每天 09:00 北京时间触发一次。

---

## 当前状态

| 项目 | 状态 |
|------|------|
| 今日文章（2026-06-21） | ✅ 已存在且完整 |
| 今日 wiki 固结 | ✅ 已在原始运行中完成 |
| main 分支同步 | ✅ 已与 origin/main 一致 |
| 需要写新文章 | ❌ 否 |

---

## 建议用户操作

1. **检查调度配置**：为什么同一天触发了 7+ 次？是否有多个调度任务同时运行？
2. **检查日期逻辑**：为什么历史运行会产生未来日期文章（2026-06-22 至 2026-08-19）？
3. **决定未来日期文章的处理方式**：这 59 篇未来日期文章内容实际存在，只是日期标记错误；用户需决定是保留、重命名还是其他处理方式。
4. **确认调度每天只触发一次**：09:00 北京时间，且有幂等保护（如已写则跳过）。

---

## 本次操作

- 不生成文章
- 不修改任何已有文件
- 写入本诊断日志
- 推送到 main
- 发送推送通知给用户
