# 运行日志 2026-07-28

**运行时间**：2026-07-28（UTC+8 09:00 定时任务）
**文章编号**：#96
**系统时钟**：2026-06-19（已知漂移；真实日期 = topic_ledger.last_updated(2026-07-27) + 1 = 2026-07-28）
**目标仓库**：QIUYicong/neuro-daily-essays（已验证远程 URL）

---

## 步骤执行记录

### A. 状态读取
- 读取 ROUTINE.md、KNOWLEDGE-BASE-DESIGN.md：正常
- 读取 state/topic_ledger.json：last_updated=2026-07-27, total_articles=78
- 日期漂移补偿：系统时钟 2026-06-19，知识库 last_updated 2026-07-27，使用 last_updated+1 = 2026-07-28
- 远程 URL 验证：包含 QIUYicong/neuro-daily-essays（正常）

### B. 主题选择
- 课程脊柱3（大脑如何编码世界）中听觉系统完全空白
- 上一篇（#95）聚焦空间编码（网格/头向/边界细胞），切换到听觉编码覆盖新领域
- 主题：耳蜗音调拓扑图 × 听觉皮层层级 × 鸡尾酒会问题

### C. 研究与写作
- PubMed/PMC 检索，共核查 8 篇来源
- 开放全文读取：PMC2846110（Rauschecker 2009, Nat Neurosci）、PMC3269422（Pasley 2012, PLoS Bio）
- 摘要读取：PMID:11427697, :22522927, :27145914, :23916753, :35221899, :38244755
- 排除：Zatorre音乐+多巴胺（PMID未核查成功，避免捏造）
- 经典参考：Cherry 1953（鸡尾酒会问题原始定义）、von Bekesy 1961（诺贝尔讲座）标注为"补充参考"（无PMID）
- 写作：articles/2026-07-28-auditory-cortex-tonotopy.md（约5800字）
- 阅读笔记：notes/2026-07-28-reading-notes.md
- 来源元数据：sources/2026-07-28-sources.json

### D. Wiki 固结
**新建页面（3）**：
- wiki/systems/auditory-cortex.md（revision_count=1）
- wiki/systems/cochlea.md（revision_count=1）
- wiki/concepts/tonotopic-map.md（revision_count=1）

**修订页面（1）**：
- wiki/systems/thalamus.md（rev4→rev5）：新增 MGBv/MGBd/MGBm 三区功能分化；connected auditory-cortex

**矛盾登记（0）**：无新矛盾

### E. 图谱与导航更新
- wiki/_graph.json：170→173 节点，1033→1041 边（+3 nodes, +8 edges）
- wiki/index.md：更新首行摘要；新增 auditory-cortex、cochlea（systems）、tonotopic-map（concepts）；更新课程进度表
- wiki/CHANGELOG.md：新增 2026-07-28 条目

### F. 治理更新
- state/topic_ledger.json：last_updated→2026-07-28, total_articles 78→79, 新增 #96 条目
- state/unresolved_questions.md：新增 Q-ac-01（中）、Q-ac-02（高）、Q-ac-03（中）、Q-ac-04（低）
- state/maturity_index.json：新增 auditory-cortex、cochlea、tonotopic-map（均 established/high）
- state/source_registry.json：新增 8 条来源记录
- state/monthly_synthesis.md：追加 #96 到 2026年7月表格

### G. Git 提交与推送
- 分支：main
- Git 作者：QIUYicong <169510482+QIUYicong@users.noreply.github.com>
- 提交内容：文章 + wiki 固结 + 状态更新

---

## 质量检查

| 检查项 | 状态 |
|--------|------|
| 仓库指向 QIUYicong | ✅ |
| 无 Sci-Hub/盗版内容 | ✅ |
| PMID/PMCID 均核查 | ✅（排除无法核查的 Zatorre 音乐研究）|
| 开放全文 vs 摘要明确区分 | ✅ |
| 无医疗诊断/治疗建议 | ✅ |
| 文章字数 3000-6000 | ✅（约5800字） |
| 矛盾协议检查 | ✅（无新矛盾，Jeffress争议登记为开放问题）|
| 图谱节点数正确 | ✅（173）|

---

## 异常记录
- 系统时钟漂移：2026-06-19 vs 真实 2026-07-28（持续存在的已知问题，以 topic_ledger.last_updated+1 补偿）
- Robles & Ruggero 2001（Physiological Reviews）：首次搜索未返回，改用不同关键词成功定位（PMID:11427697）
- Mesgarani & Chang：初始搜索目标为2014 Science音素论文，后确认正确引用为2012 Nature注意选择论文（PMID:22522927）
