# 重复检测日志 · 2026-06-30

## 运行信息

- **系统时钟（UTC+8）**：2026-06-30（实际执行日期）
- **分支**：main
- **执行状态**：已检测到重复，跳过文章生成

---

## 检测结果

检测到 2026-06-30 的文章已存在于仓库：

- **文章文件**：`neuro-daily/articles/2026-06-30-thalamic-burst-t-type-calcium-timing-gate.md`
- **主题**：视丘的双面人格——T 型钙通道如何在爆发与强直之间切换，让清醒大脑实现精确感知
- **原始文章编号**：#66（由 2026-06-03 的一次运行使用知识库日期 2026-06-30 创建）
- **相关状态文件**：
  - `logs/2026-06-30-run.log`（完整运行日志，执行状态：完成）
  - `notes/2026-06-30-reading-notes.md`
  - `sources/2026-06-30-sources.json`
- **Wiki 固结**：已完成（`neurons/thalamic-firing-modes.md`、`neurons/t-type-calcium-channels.md` 均已创建）
- **状态文件更新**：`topic_ledger.json`（含第 66 篇条目）、`maturity_index.json`、`unresolved_questions.md`、`monthly_synthesis.md` 均已更新

---

## 背景说明

本次为今天（实际日期 2026-06-30）的第一次调用。2026-06-30 的文章内容于 2026-06-03 由一次使用"知识库日期"机制的运行预创建，以保持知识库的线性连续性。自该文章创建以来，知识库已新增约 121 篇文章（#67–#187），主要涵盖 2026-06-30 至 2026-06-29 期间的主题进展。

当前 topic_ledger 最新活跃条目为 #187（2026-06-29，P3b 无报告范式），知识库整体健康、连续性完整。

---

## 操作

- 未生成新文章（遵循"不反复生成同一天文章"规则）
- 本日志作为当天运行记录
- 直接推送到 main
