# 重复检测日志 · 2026-06-30（第9次）

## 运行信息

- **系统时钟（UTC+8）**：2026-06-30
- **分支**：main
- **执行状态**：已检测到重复，跳过文章生成（本次为第 9 次重复检测）
- **当前知识库最新文章**：#187（2026-06-29，P3b 无报告范式）

---

## 检测结果

检测到 2026-06-30 的文章已存在于仓库：

- **文章文件**：`neuro-daily/articles/2026-06-30-thalamic-burst-t-type-calcium-timing-gate.md`
- **主题**：视丘的双面人格——T 型钙通道如何在爆发与强直之间切换，让清醒大脑实现精确感知
- **原始文章编号**：#66（由 2026-06-03 的一次运行使用知识库日期 2026-06-30 预创建）
- **本次重复计数**：dup9（此前已有 dup1–dup8 共 8 次重复检测日志）

---

## 背景说明

- 2026-06-30 的文章内容于 2026-06-03 由一次预创建运行生成，以保持知识库的线性连续性。
- 自该文章创建以来，知识库已新增约 121 篇文章（#67–#187），涵盖 2026-06-03 至 2026-06-29 期间各主题的深入探讨。
- 当前 topic_ledger 最新活跃条目为 #187（2026-06-29，P3b 无报告范式与意识 NCC）。
- GWT wiki 页已更新至 rev8，IIT wiki 页已更新至 rev4，两个理论的 contested claims 均处于 open 状态。
- 知识库整体健康，连续性完整，等待明日（2026-07-01）触发新文章生成（预计第 #188 篇）。

---

## 未解问题提醒（供下次运行参考）

下次运行（2026-07-01）的高优先级候选主题（来自 #187 next_suggested_topics）：
1. `attention-consciousness-dissociation`（建立）——VAN 与注意的神经行为分离；TAE/PB/IB 范式家族对比（直接解决 Q-p3b-01、Q-van-01 高优先级开放问题）
2. `neural-correlates-of-consciousness`（深化）——NCC 内容特异性与时间特征；后皮质热区 vs 前额叶争议
3. `integrated-information-theory`（更新裁决）——目前 rev4，P3b 消失对 IIT vs GWT 争论的影响；需要将新 P3b 证据整合进 IIT wiki（Q-iit-02 等）

这些主题均在 cognition/whole-brain-network 层，与最近两天不同子焦点，属于可接受的连续层级。

---

## 操作

- 未生成新文章（遵循"不反复生成同一天文章"规则）
- 本日志作为当天运行记录
- 直接推送到 main
