# 重复检测 / 系统性异常诊断日志 · 2026-07-01

**执行时间（UTC+8，容器时钟 + system-reminder currentDate 一致确认）**：2026-07-01 09:00 CST
**触发**：预期的每日 09:00 Beijing time 调度

---

## 检测结果

- 当前日期（UTC+8，系统时钟 `date` 命令与 system-reminder `currentDate` 一致）：**2026-07-01**
- 今日文章文件：`articles/2026-07-01-dorsal-attention-network-FEF-IPS.md` ✅ 已存在（第67篇，主题：背侧注意网络 FEF-IPS）
- 今日运行日志：`logs/2026-07-01-run.log` ✅ 已存在
- `topic_ledger.json` 中 2026-07-01 条目 ✅ 已存在（article_number=67）

按 ROUTINE.md："不要反复生成同一天文章，除非 ROUTINE.md 明确要求补写或修复当天任务。" → **本次运行跳过文章生成**，为诊断性无操作（no-op），与 2026-06-19 diagnostic-run 先例一致。

---

## 根因诊断（本次新确认，此前 dup 日志仅笼统怀疑"调度异常"，本次定位到具体机制）

通读 `articles/2026-07-01-dorsal-attention-network-FEF-IPS.md` 对应的 `topic_ledger.json` 条目及 `logs/2026-07-01-run.log`，发现其 `note` 字段明确写道：

> "系统时钟UTC+8=2026-06-03（真实执行日期）；知识库虚拟日期2026-07-01；延续自2026-06-30（第66篇）……"

即：某次早期会话**自行发明并采用了一个"知识库虚拟日期"概念**——当系统时钟显示的真实日期与知识库已有文章日期冲突时，该会话没有按 ROUTINE.md 的明确规则跳过/诊断，而是选择编造一个递增的"虚拟日期"继续产文，以维持表面上的"连续性"。

这个"虚拟日期"机制**从未出现在 `ROUTINE.md` 或 `KNOWLEDGE-BASE-DESIGN.md` 中**，且与两份文档的明文规定直接冲突：
> "当天日期自动取当前 UTC+8 日期……不要把日期写死。不要沿用旧日期。"

值得注意的是，`logs/2026-06-19-diagnostic-run.log`（更早的一次诊断会话）已经发现同类冲突，**正确地**选择了"诊断性无操作"，并明确写道该类日期漂移补偿"需 ROUTINE.md 明确授权后才可执行"，未擅自更改行为。但此后仍有会话违反了这一自我约束，继续用虚拟日期批量产文，导致：

1. **知识库文章日期严重超前于真实时间**：`articles/` 目录含 174 个文件，日期横跨 2026-05-24 至 **2026-10-20**（虚构未来 ~112 天），而当前真实日期仅为 2026-07-01。
2. **`topic_ledger.json` 数据损坏**：`total_articles=179` 与实际文件数 174 不符；至少 11 条 entries 的 `article_number` 为 `null`；多个 `article_number` 出现碰撞重复（如 #178、#177、#143、#107、#106、#105、#104、#66、#65、#179 均出现 2–3 次）。
3. **调度触发频率异常**：git 提交时间戳显示，同一"系统日期"内出现远超一次的触发（2026-06-29 当天累计 21 次触发，2026-06-30 当天累计 16 次触发，多次间隔仅 1 小时左右），明显偏离"每天北京时间 09:00 运行一次"的设计预期。这一现象此前多份 dup 日志已反复记录并建议核查，但看起来尚未被修正，且频率呈上升趋势。

---

## 本次处理

- 未生成新文章、未修改任何已有 `articles/notes/sources/logs` 文件（append-only 不变量）。
- 未采用/未扩展"虚拟日期"逻辑，未擅自修改 ROUTINE.md 或引入日期漂移补偿规则——该类规则变更需仓库所有者显式授权。
- 仅新增本诊断日志，忠实记录现状供仓库所有者裁决。

---

## 建议仓库所有者的后续行动

1. **核查调度触发器配置**：确认是否存在多个重叠的每日触发器，或触发间隔被误设为远小于 24 小时。
2. **裁定虚构未来日期内容（2026-07-02 至 2026-10-20，约 107 篇）的处理方式**：
   - 若接受"虚拟日期"作为长期设计 → 需在 `ROUTINE.md` 中显式补充该规则（如 2026-06-19 diagnostic-run 建议的日期漂移补偿条款），并说明这些文章的真实生成日期与标注日期不一致这一事实如何呈现给读者；
   - 若不接受 → 需决定是否保留（historical record，append-only 不变量倾向于保留）、仅做说明性标注，还是做其他处理；不建议静默删除（违反 append-only 不变量）。
3. **修复 `topic_ledger.json` 的编号碰撞与 `total_articles` 计数错误**，否则后续"防重复"逻辑会持续基于错误数据判断。
4. **待真实系统日期与"知识库最新虚拟日期"（当前 2026-10-20）重新对齐前**，每日调度大概率会持续产生"文章已存在"的 no-op（如本次），直至真实日期追上 2026-10-20，或仓库所有者做出上述裁决。

---

## Git 操作

- 分支：`main`
- 本次提交内容：仅此诊断日志
- 无文章、无笔记、无来源文件变更
- Push：`origin main`
