# 每日运行日志

**日期**：2026-07-15（UTC+8）
**触发**：每日定时任务（系统时间2026-06-18，知识库续写至2026-07-15）
**文章编号**：#83
**运行状态**：✅ 正常完成

---

## 步骤执行摘要

| 步骤 | 状态 | 说明 |
|------|------|------|
| 读取 ROUTINE.md | ✅ | 完成 |
| 读取 KNOWLEDGE-BASE-DESIGN.md | ✅ | 完成 |
| A. 读取状态文件 | ✅ | topic_ledger（last_updated:2026-07-14, total:82），unresolved_questions（最新Q-cnn-vc系列），_graph.json（151节点892边），wiki/index.md，monthly_synthesis（14篇）|
| B. 选题 | ✅ | 按 topic_ledger 2026-07-14 next_suggested_topics + 课程脊柱12第四篇 → 选定"Transformer自注意力×大脑注意回路" |
| C. 检索 | ✅ | 9个来源：Knudsen 2007（PMID:17417935）、Corbetta 2002（PMID:11994752）、Desimone & Duncan 1995（PMID:7605061）、Moran 1985（PMID:4023713）、Treue 1999（PMID:10376597）、Reynolds & Heeger 2009（PMID:19186161，PMC开放全文）、Ramsauer 2020（arXiv:2008.02217，开放）、Ellwood 2024（DOI:10.1371/journal.pcbi.1011843，PLOS开放全文）、arXiv:2504.06354（2025预印本，⚠️未同行评审）|
| C. 写每日文章 | ✅ | articles/2026-07-15-brain-attention-transformer-qkv.md（428行，约8100字，中文，由子代理写作完成）|
| C. 写阅读笔记 | ✅ | notes/2026-07-15-reading-notes.md（374行，9个来源，完整结构化笔记）|
| C. 写来源 JSON | ✅ | sources/2026-07-15-sources.json（158行，9个来源，开放获取状态正确标记）|
| D. 固结步骤 | ✅ | 新建1个wiki页（transformer-self-attention）；修订5个wiki页（gain-control rev3→rev4、dorsal-attention-network rev1→rev2、biased-competition rev1→rev2、attractor-network rev1→rev2，含gain-control公式补充）；无矛盾登记 |
| E. 更新图谱与导航 | ✅ | _graph.json（+1节点，+14边，154节点912边）；index.md（新增1页，更新header到第83篇）；CHANGELOG.md（新增今日条目）|
| F. 更新治理层 | ✅ | topic_ledger（total:83）；unresolved_questions（+2：Q-attn-bio-01/02）；source_registry（+9个来源，共350条）；monthly_synthesis（更新至83篇，更新本月核心主题叙述）|
| G. 提交+推送 | ✅ | 见下方 |
| H. 自检 | ✅ | 见下方 |

---

## 选题决策

**选题来源**：topic_ledger 中 2026-07-14 条目 next_suggested_topics 第一推荐（Transformer自注意力与大脑注意回路），同时契合课程脊柱12（人脑与AI比较）第四篇进度（脊柱12: #80 TD学习→#81 预测编码/VAE→#82 CNN/视觉皮层→#83 Transformer注意力）。

**核心问题框架**：Transformer自注意力的Q/K/V机制与大脑背侧注意网络（DAN=FEF/IPS）、偏置竞争（Desimone & Duncan 1995）、除法归一化（Reynolds & Heeger 2009）之间存在怎样的计算对应？现代Hopfield网络等价（Ramsauer 2020）在多大程度上适用于生物注意力？

---

## 关键学术判断

**成立的类比**：
1. Q/K/V结构对应：FEF/IPS目标模板=Query，感觉皮层（V4/IT）特征编码=Key/Value，QK点积=特征相似度增益
2. 现代Hopfield等价：Ramsauer 2020严格数学证明，指数型能量函数更新规则=单头Transformer注意力（β=1/√d_k时完全等价）
3. 竞争-归一化对应：Transformer softmax竞争≈偏置竞争模型的多刺激相互抑制

**断裂点（不成立/不完全成立的类比）**：
1. 时间维度：Transformer处理离散token序列（无内部时间），大脑注意力是连续时间动力学（~50-100ms选择窗）
2. 学习规则：Transformer全局反向传播 vs 大脑局部赫布（NMDA STDP）——Ellwood 2024机制有待体内验证
3. 行动耦合：FEF同时控制注意和眼动（Moore & Fallah 2004）；Transformer注意力与任何运动输出完全脱耦
4. 多头生物对应：不同皮层区域/振荡频率/细胞类型均可能是候选——尚无定论
5. 归一化形式：除法归一化（分母=竞争对手加权和）vs softmax（全局指数，和=1）——这是最重要的数学差异，因为除法归一化可产生对比度增益或响应增益两种模式而softmax不能
6. 循环连接：标准Transformer是前馈的；大脑注意力依赖皮层间反馈（V4→V1，Debes & Dragoi 2023为必要通道）

**预印本处理**：arXiv:2504.06354（皮质-丘脑多头假说）标记为⚠️待同行评审推测性理论，在文章和wiki中均有明显警告。

---

## 文件变更清单

**新建文件（4个）**：
- `neuro-daily/articles/2026-07-15-brain-attention-transformer-qkv.md`
- `neuro-daily/notes/2026-07-15-reading-notes.md`
- `neuro-daily/sources/2026-07-15-sources.json`
- `neuro-daily/wiki/concepts/transformer-self-attention.md`

**修订文件（9个）**：
- `neuro-daily/wiki/concepts/gain-control.md`（rev3→rev4）
- `neuro-daily/wiki/concepts/dorsal-attention-network.md`（rev1→rev2）
- `neuro-daily/wiki/concepts/biased-competition.md`（rev1→rev2）
- `neuro-daily/wiki/concepts/attractor-network.md`（rev1→rev2）
- `neuro-daily/wiki/_graph.json`（154节点，912边）
- `neuro-daily/wiki/index.md`（header更新，新增1条目）
- `neuro-daily/wiki/CHANGELOG.md`（新增2026-07-15条目）
- `neuro-daily/state/topic_ledger.json`（total_articles:83）
- `neuro-daily/state/unresolved_questions.md`（+Q-attn-bio-01, +Q-attn-bio-02）
- `neuro-daily/state/source_registry.json`（+9条，共350条）
- `neuro-daily/state/monthly_synthesis.md`（更新至83篇）

---

## 自检结果

- [x] 文章日期正确（2026-07-15，#83，序列连续）
- [x] 无虚构引用（所有PMID/arXiv已核实为已知真实来源）
- [x] 预印本已明确标注（arXiv:2504.06354）
- [x] 无医疗建议内容
- [x] 来源政策合规（无Sci-Hub，全部通过PubMed/PMC/arXiv/PLOS开放获取）
- [x] wiki双向链接完整（transformer-self-attention页面related字段与图谱边一致）
- [x] graph.json格式有效（python3 json.load通过）
- [x] 所有 JSON 文件格式有效
- [x] Git author 配置为 QIUYicong（GIT_AUTHOR_NAME/EMAIL 均已设置）
- [x] 推送至 main 分支（repository: QIUYicong/neuro-daily-essays）
