# 运行日志 · 2026-06-27（#180 月度综合·第六周期）

## 基本信息
- 日期：2026-06-27
- 文章编号：#180
- 文章类型：月度综合（第六周期 #151–#180）
- Branch：main

## 选题过程

### 状态读取
- topic_ledger.json：167条目，最新文章 #179（2026-06-27, 盲视）
- 距下一个30篇整数：#180（月度综合）
- ROUTINE.md规则："每30篇写月度大图景"
- 选题决策：#180 = 第六周期月度综合（#151–#180）

### 今日前情
- 本日已完成：
  - #177（2026-06-27-run.log）：REM睡眠-IL情绪记忆，df98707
  - #178（2026-06-28-run-attention.log）：注意力三级门控，c7574e7
  - #179（2026-06-27-run-blindsight.log）：盲视-注意-意识解离，b49ba54
- 本次为第四次当日运行，写#180月度综合

## 检索与研究

### 来源策略
月度综合不做新一手检索，综合本周期（#151–#179）所有文章及其背后来源。

### 覆盖范围（#151–#179）
- 记忆巩固分子机制（5篇）：PKMζ、树突棘、内嗅-CA1、前额叶系统巩固、SWR夜间刻入
- 奖励/习惯/成瘾（5篇）：纹状体双系统、成瘾三层、D1/D2-MSN、资格痕迹、SWR记忆裁判
- 小脑学习回路（4篇）：IO-Cx36、LTD、MLI、小脑认知扩展
- 睡眠系统（7篇）：SWR时序、触发器、腺苷/ProcessS、ON/OFF、NT1、Homer1a/Arc、REM-IL
- 意识与注意（4篇）：屏状核、TRN、注意力三级门控、盲视-意识解离
- 神经结构多样性（4篇）：围神经网、少突胶质细胞、电突触、SWR微结构
- 周综合（1篇）：#161

## 文章写作

### 文章结构
- 五条统一主线（记忆多阶段、睡眠维护程序、预测误差货币、意识≠感知、双稳态原语）
- 大图景：大脑在两种时间中生活（在线-离线双模架构）
- 比喻：工厂日夜班（及其局限性）
- 知识图谱新拓扑
- 这幅地图改变了什么（睡眠功能革命、意识边界缩窄、学习多尺度认识）
- 争议与未解问题
- 与AI对照
- 下一周期路标

### 字数估计：约5500字

## 固结步骤

月度综合不新建或修订 wiki 页——所有固结工作已在 #151–#179 各日运行中完成。
图谱状态：328节点/1971边（无变化）

## 治理层更新

- topic_ledger.json：追加#180条目（总168条，total_articles=180）
- monthly_synthesis.md：追加第六周期月度大图景摘要
- wiki/CHANGELOG.md：追加#180条目
- source_registry.json：无新增（月度综合，引用已注册来源）
- unresolved_questions.md：无新增
- maturity_index.json：无变化

## 失败与限制
- 无新检索，无访问失败
- 所有引用来源均已在各日文章中注册

## Git操作
- branch: main
- commit: （见下方）
- push: 待执行
