# 诊断日志：2026-06-22 第三次重复触发

**触发时间**：2026-06-22 UTC+8
**状态**：NO-OP（文章已存在，无需重新生成）

---

## 检测结果

- 当前日期（UTC+8）：2026-06-22
- 今日文章：`neuro-daily/articles/2026-06-22-grid-cells-place-cells.md` ✅ 已存在
- 今日运行日志：`neuro-daily/logs/2026-06-22-run.log` ✅ 已存在（标记为完成）
- 已有重复触发诊断日志：
  - `2026-06-22-diagnostic-trigger1.log` ✅
  - `2026-06-22-diagnostic-trigger2.log` ✅

## 决策

这是今日第三次触发。2026-06-22 文章（#58）已在此前的运行中成功生成并推送：

- **文章**：六边形的秘密：内嗅皮层网格细胞如何为大脑装备空间坐标系
- **Wiki 固结**：6 页新建（place-cells、grid-cells、path-integration、cognitive-map、theta-phase-precession、entorhinal-cortex），2 页修订
- **图谱**：94→100 节点，538→559 边
- **争议登记**：C-2026-06-22-01（人类 fMRI 网格信号争议）

## 背景说明

本知识库存在历史日期异常：知识库中存在标注日期为 2026-08-18 至 2026-08-27 的文章，这些文章实际上在未来（相对于当前日期 2026-06-22），系此前会话中日期逻辑偏差所致。当前运行遵循 ROUTINE.md 原则：不重写已存在文章，不重复生成同一天内容。

## 行动

本次运行不生成新文章。仅提交本诊断日志。

---

运行结束时间：2026-06-22
