# Run Log: 2026-07-02

**Article #68** | Topic: 星形胶质细胞与三方突触
**Start**: 2026-07-02 (Beijing Time)
**Status**: SUCCESS

---

## Step A: 读取 ROUTINE.md & KNOWLEDGE-BASE-DESIGN.md

- ROUTINE.md: 确认存在，执行协议已读取
- KNOWLEDGE-BASE-DESIGN.md: 确认存在，知识库设计原则已读取

## Step B: 知识库状态检查

- topic_ledger.json: last entry 2026-07-01 (#67, DAN)，total 67篇
- wiki/_graph.json: node_count=117, edge_count=676（2026-06-30）
- 发现重大盲点：全图 117 节点几乎无神经胶质细胞覆盖
- 发现修复机会：ltp.md 和 ltd.md 缺少星形胶质细胞/D-丝氨酸条件

## Step C: 选题与研究

**选题原因**:
1. 知识库空白填补（glia 零覆盖）
2. LTP/LTD 页面修复（D-丝氨酸必要条件缺失）
3. 有高质量 2010 Nature 开放全文（Henneberger PMC2807667）

**文献研究**:
- 搜索策略: PubMed E-utilities, Europe PMC PMC全文API
- 全文读取: PMC2807667 (Henneberger 2010, Nature), PMC8484065 (Durkee 2021, Cell Reports)
- 摘要阅读: PMID:10322493, 7911978, 16025096, 17301520 + 1 Glia paper

**PMID验证**: 所有 PMID 通过 PubMed E-utilities efetch 独立验证；部分初次检索结果需纠正

## Step D: 文章撰写

**文件**: neuro-daily/articles/2026-07-02-astrocyte-tripartite-synapse.md
**字数**: ~5000字（含标题/标注）
**结构**: 钩子段落 → 三方突触概念史 → Ca²⁺信号机制 → D-丝氨酸与LTP（Henneberger 2010详解）→ 胶质递质争议 → 星形胶质细胞与LTD → 病理应用 → 开放问题
**研究笔记**: neuro-daily/notes/2026-07-02-reading-notes.md
**来源注册**: neuro-daily/sources/2026-07-02-sources.json（7条目）

## Step E: Wiki 整合

**新建页面（6页）**:
- wiki/systems/astrocyte.md（established/high）
- wiki/concepts/tripartite-synapse.md（mainstream/high）
- wiki/concepts/d-serine.md（mainstream/high）
- wiki/concepts/gliotransmitter.md（mainstream/medium）
- wiki/concepts/astrocyte-calcium-signaling.md（established/high）
- wiki/concepts/glutamate-glutamine-cycle.md（established/high）

**修订页面（2页）**:
- wiki/concepts/ltp.md: rev9→rev10，新增三方突触条件节
- wiki/concepts/ltd.md: rev2→rev3，新增星形胶质介导LTD节

## Step F: 图谱与导航更新

- wiki/_graph.json: 117→125节点，676→709边（+8节点，+33边）
- wiki/index.md: 总页数更新，新增条目
- wiki/CHANGELOG.md: 2026-07-02条目已添加

## Step F: 治理层更新

- state/topic_ledger.json: total 67→68，新增#68条目
- state/unresolved_questions.md: 新增 Q-astro-01/02/03
- state/contested_claims.json: open_count 2→3，新增 C-2026-07-02-01
- state/source_registry.json: total 271→278，新增 additions_2026-07-02
- state/maturity_index.json: 新增6页条目，更新ltp/ltd条目
- state/monthly_synthesis.md: 新增 2026-07-02 条目

## Step H: 自检

- [ ] 所有 wiki 页主张均有 PMID/PMC 引注 ✓
- [ ] 无悬空内部链接（新页面均在 _graph.json 中注册）✓
- [ ] contested claims 已注册（C-2026-07-02-01）✓
- [ ] topic_ledger 无重复日期 ✓
- [ ] 来源未从 Sci-Hub/非法来源获取 ✓
- [ ] 无医疗建议内容 ✓
- [ ] 分支为 main ✓

## 来源清单（7条）

| PMID | 作者 | 年份 | 全文获取 |
|------|------|------|---------|
| 10322493 | Araque et al. | 1999 | 摘要 |
| 20075918 | Henneberger et al. | 2010 | PMC全文 ✓ |
| 7911978 | Parpura et al. | 1994 | 摘要 |
| 16025096 | Volterra & Meldolesi | 2005 | 摘要 |
| 34334233 | Durkee et al. | 2021 | PMC全文 ✓ |
| 17301520 | Fiacco et al. | 2007 | 摘要 |
| 24141052 | Bhatt et al. (Glia) | 2009 | 摘要 |

## 矛盾与开放问题

**新增矛盾**:
- C-2026-07-02-01: 谷氨酸 Ca²⁺ 依赖胞吐（Parpura 1994）vs 无神经元效应（Fiacco/Bhatt 2007-2009）
  - Nature: 方法论差异 + 真实分歧
  - Status: open

**新增开放问题**:
- Q-astro-01: D-丝氨酸精确释放机制（胞吐 vs VRAC vs 通道）
- Q-astro-02: 体内生理条件 Ca²⁺ 激活阈值
- Q-astro-03: 人类三方突触的同源性与临床相关性

---

*Run completed successfully. All files committed to main branch.*
